Archive member included to satisfy reference by file (symbol)

d:/vscodedev/tools/gcc-arm-none-eabi-10.3-2021.10/bin/../lib/gcc/arm-none-eabi/10.3.1/../../../../arm-none-eabi/lib/thumb/v7e-m+fp/hard\libc_nano.a(lib_a-exit.o)
                              d:/vscodedev/tools/gcc-arm-none-eabi-10.3-2021.10/bin/../lib/gcc/arm-none-eabi/10.3.1/../../../../arm-none-eabi/lib/thumb/v7e-m+fp/hard/crt0.o (exit)
d:/vscodedev/tools/gcc-arm-none-eabi-10.3-2021.10/bin/../lib/gcc/arm-none-eabi/10.3.1/../../../../arm-none-eabi/lib/thumb/v7e-m+fp/hard\libc_nano.a(lib_a-impure.o)
                              d:/vscodedev/tools/gcc-arm-none-eabi-10.3-2021.10/bin/../lib/gcc/arm-none-eabi/10.3.1/../../../../arm-none-eabi/lib/thumb/v7e-m+fp/hard\libc_nano.a(lib_a-exit.o) (_global_impure_ptr)
d:/vscodedev/tools/gcc-arm-none-eabi-10.3-2021.10/bin/../lib/gcc/arm-none-eabi/10.3.1/../../../../arm-none-eabi/lib/thumb/v7e-m+fp/hard\libc_nano.a(lib_a-init.o)
                              d:/vscodedev/tools/gcc-arm-none-eabi-10.3-2021.10/bin/../lib/gcc/arm-none-eabi/10.3.1/../../../../arm-none-eabi/lib/thumb/v7e-m+fp/hard/crt0.o (__libc_init_array)
d:/vscodedev/tools/gcc-arm-none-eabi-10.3-2021.10/bin/../lib/gcc/arm-none-eabi/10.3.1/../../../../arm-none-eabi/lib/thumb/v7e-m+fp/hard\libc_nano.a(lib_a-malloc.o)
                              build/usbh_cdc.o (malloc)
d:/vscodedev/tools/gcc-arm-none-eabi-10.3-2021.10/bin/../lib/gcc/arm-none-eabi/10.3.1/../../../../arm-none-eabi/lib/thumb/v7e-m+fp/hard\libc_nano.a(lib_a-memset.o)
                              d:/vscodedev/tools/gcc-arm-none-eabi-10.3-2021.10/bin/../lib/gcc/arm-none-eabi/10.3.1/../../../../arm-none-eabi/lib/thumb/v7e-m+fp/hard/crt0.o (memset)
d:/vscodedev/tools/gcc-arm-none-eabi-10.3-2021.10/bin/../lib/gcc/arm-none-eabi/10.3.1/../../../../arm-none-eabi/lib/thumb/v7e-m+fp/hard\libc_nano.a(lib_a-nano-freer.o)
                              d:/vscodedev/tools/gcc-arm-none-eabi-10.3-2021.10/bin/../lib/gcc/arm-none-eabi/10.3.1/../../../../arm-none-eabi/lib/thumb/v7e-m+fp/hard\libc_nano.a(lib_a-malloc.o) (_free_r)
d:/vscodedev/tools/gcc-arm-none-eabi-10.3-2021.10/bin/../lib/gcc/arm-none-eabi/10.3.1/../../../../arm-none-eabi/lib/thumb/v7e-m+fp/hard\libc_nano.a(lib_a-nano-mallocr.o)
                              d:/vscodedev/tools/gcc-arm-none-eabi-10.3-2021.10/bin/../lib/gcc/arm-none-eabi/10.3.1/../../../../arm-none-eabi/lib/thumb/v7e-m+fp/hard\libc_nano.a(lib_a-malloc.o) (_malloc_r)
d:/vscodedev/tools/gcc-arm-none-eabi-10.3-2021.10/bin/../lib/gcc/arm-none-eabi/10.3.1/../../../../arm-none-eabi/lib/thumb/v7e-m+fp/hard\libc_nano.a(lib_a-sbrkr.o)
                              d:/vscodedev/tools/gcc-arm-none-eabi-10.3-2021.10/bin/../lib/gcc/arm-none-eabi/10.3.1/../../../../arm-none-eabi/lib/thumb/v7e-m+fp/hard\libc_nano.a(lib_a-nano-mallocr.o) (_sbrk_r)
d:/vscodedev/tools/gcc-arm-none-eabi-10.3-2021.10/bin/../lib/gcc/arm-none-eabi/10.3.1/../../../../arm-none-eabi/lib/thumb/v7e-m+fp/hard\libc_nano.a(lib_a-mlock.o)
                              d:/vscodedev/tools/gcc-arm-none-eabi-10.3-2021.10/bin/../lib/gcc/arm-none-eabi/10.3.1/../../../../arm-none-eabi/lib/thumb/v7e-m+fp/hard\libc_nano.a(lib_a-nano-freer.o) (__malloc_lock)
d:/vscodedev/tools/gcc-arm-none-eabi-10.3-2021.10/bin/../lib/gcc/arm-none-eabi/10.3.1/../../../../arm-none-eabi/lib/thumb/v7e-m+fp/hard\libc_nano.a(lib_a-reent.o)
                              d:/vscodedev/tools/gcc-arm-none-eabi-10.3-2021.10/bin/../lib/gcc/arm-none-eabi/10.3.1/../../../../arm-none-eabi/lib/thumb/v7e-m+fp/hard\libc_nano.a(lib_a-sbrkr.o) (errno)
d:/vscodedev/tools/gcc-arm-none-eabi-10.3-2021.10/bin/../lib/gcc/arm-none-eabi/10.3.1/../../../../arm-none-eabi/lib/thumb/v7e-m+fp/hard\libc_nano.a(lib_a-lock.o)
                              d:/vscodedev/tools/gcc-arm-none-eabi-10.3-2021.10/bin/../lib/gcc/arm-none-eabi/10.3.1/../../../../arm-none-eabi/lib/thumb/v7e-m+fp/hard\libc_nano.a(lib_a-mlock.o) (__retarget_lock_acquire_recursive)
d:/vscodedev/tools/gcc-arm-none-eabi-10.3-2021.10/bin/../lib/gcc/arm-none-eabi/10.3.1/../../../../arm-none-eabi/lib/thumb/v7e-m+fp/hard\libnosys.a(sbrk.o)
                              d:/vscodedev/tools/gcc-arm-none-eabi-10.3-2021.10/bin/../lib/gcc/arm-none-eabi/10.3.1/../../../../arm-none-eabi/lib/thumb/v7e-m+fp/hard\libc_nano.a(lib_a-sbrkr.o) (_sbrk)
d:/vscodedev/tools/gcc-arm-none-eabi-10.3-2021.10/bin/../lib/gcc/arm-none-eabi/10.3.1/../../../../arm-none-eabi/lib/thumb/v7e-m+fp/hard\libnosys.a(_exit.o)
                              d:/vscodedev/tools/gcc-arm-none-eabi-10.3-2021.10/bin/../lib/gcc/arm-none-eabi/10.3.1/../../../../arm-none-eabi/lib/thumb/v7e-m+fp/hard\libc_nano.a(lib_a-exit.o) (_exit)
d:/vscodedev/tools/gcc-arm-none-eabi-10.3-2021.10/bin/../lib/gcc/arm-none-eabi/10.3.1/thumb/v7e-m+fp/hard\libgcc.a(_aeabi_uldivmod.o)
                              build/stm32f4xx_hal_rcc.o (__aeabi_uldivmod)
[...]
Memory Configuration

Name             Origin             Length             Attributes
RAM              0x20000000         0x00030000         xrw
CCMRAM           0x10000000         0x00010000         xrw
FLASH            0x08000000         0x00200000         xr
*default*        0x00000000         0xffffffff

Linker script and memory map

LOAD d:/vscodedev/tools/gcc-arm-none-eabi-10.3-2021.10/bin/../lib/gcc/arm-none-eabi/10.3.1/thumb/v7e-m+fp/hard/crti.o
LOAD d:/vscodedev/tools/gcc-arm-none-eabi-10.3-2021.10/bin/../lib/gcc/arm-none-eabi/10.3.1/thumb/v7e-m+fp/hard/crtbegin.o
LOAD d:/vscodedev/tools/gcc-arm-none-eabi-10.3-2021.10/bin/../lib/gcc/arm-none-eabi/10.3.1/../../../../arm-none-eabi/lib/thumb/v7e-m+fp/hard/crt0.o
LOAD build/main.o
LOAD build/stm32f4xx_it.o
LOAD build/stm32f4xx_hal_msp.o
LOAD build/stm32f4xx_hal_timebase_tim.o
LOAD build/usb_host.o
LOAD build/usbh_conf.o
LOAD build/usbh_platform.o
LOAD build/stm32f4xx_hal_hcd.o
LOAD build/stm32f4xx_ll_usb.o
LOAD build/stm32f4xx_hal_rcc.o
LOAD build/stm32f4xx_hal_rcc_ex.o
LOAD build/stm32f4xx_hal_flash.o
LOAD build/stm32f4xx_hal_flash_ex.o
LOAD build/stm32f4xx_hal_flash_ramfunc.o
LOAD build/stm32f4xx_hal_gpio.o
LOAD build/stm32f4xx_hal_dma_ex.o
LOAD build/stm32f4xx_hal_dma.o
LOAD build/stm32f4xx_hal_pwr.o
LOAD build/stm32f4xx_hal_pwr_ex.o
LOAD build/stm32f4xx_hal_cortex.o
LOAD build/stm32f4xx_hal.o
LOAD build/stm32f4xx_hal_exti.o
LOAD build/stm32f4xx_hal_crc.o
LOAD build/stm32f4xx_hal_dma2d.o
LOAD build/stm32f4xx_ll_fmc.o
LOAD build/stm32f4xx_hal_sdram.o
LOAD build/stm32f4xx_hal_i2c.o
LOAD build/stm32f4xx_hal_i2c_ex.o
LOAD build/stm32f4xx_hal_ltdc.o
LOAD build/stm32f4xx_hal_ltdc_ex.o
LOAD build/stm32f4xx_hal_dsi.o
LOAD build/stm32f4xx_hal_spi.o
LOAD build/stm32f4xx_hal_tim.o
LOAD build/stm32f4xx_hal_tim_ex.o
LOAD build/stm32f4xx_hal_uart.o
LOAD build/system_stm32f4xx.o
LOAD build/usbh_core.o
LOAD build/usbh_ctlreq.o
LOAD build/usbh_ioreq.o
LOAD build/usbh_pipes.o
LOAD build/usbh_cdc.o
LOAD build/startup_stm32f429xx.o
LOAD d:/vscodedev/tools/gcc-arm-none-eabi-10.3-2021.10/bin/../lib/gcc/arm-none-eabi/10.3.1/../../../../arm-none-eabi/lib/thumb/v7e-m+fp/hard\libc_nano.a
LOAD d:/vscodedev/tools/gcc-arm-none-eabi-10.3-2021.10/bin/../lib/gcc/arm-none-eabi/10.3.1/../../../../arm-none-eabi/lib/thumb/v7e-m+fp/hard\libm.a
LOAD d:/vscodedev/tools/gcc-arm-none-eabi-10.3-2021.10/bin/../lib/gcc/arm-none-eabi/10.3.1/../../../../arm-none-eabi/lib/thumb/v7e-m+fp/hard\libnosys.a
START GROUP
LOAD d:/vscodedev/tools/gcc-arm-none-eabi-10.3-2021.10/bin/../lib/gcc/arm-none-eabi/10.3.1/thumb/v7e-m+fp/hard\libgcc.a
LOAD d:/vscodedev/tools/gcc-arm-none-eabi-10.3-2021.10/bin/../lib/gcc/arm-none-eabi/10.3.1/../../../../arm-none-eabi/lib/thumb/v7e-m+fp/hard\libc_nano.a
END GROUP
START GROUP
LOAD d:/vscodedev/tools/gcc-arm-none-eabi-10.3-2021.10/bin/../lib/gcc/arm-none-eabi/10.3.1/thumb/v7e-m+fp/hard\libgcc.a
LOAD d:/vscodedev/tools/gcc-arm-none-eabi-10.3-2021.10/bin/../lib/gcc/arm-none-eabi/10.3.1/../../../../arm-none-eabi/lib/thumb/v7e-m+fp/hard\libc_nano.a
END GROUP
LOAD d:/vscodedev/tools/gcc-arm-none-eabi-10.3-2021.10/bin/../lib/gcc/arm-none-eabi/10.3.1/thumb/v7e-m+fp/hard/crtend.o
LOAD d:/vscodedev/tools/gcc-arm-none-eabi-10.3-2021.10/bin/../lib/gcc/arm-none-eabi/10.3.1/thumb/v7e-m+fp/hard/crtn.o
                0x20030000                _estack = (ORIGIN (RAM) + LENGTH (RAM))
                0x00000200                _Min_Heap_Size = 0x200
                0x00000400                _Min_Stack_Size = 0x400

.isr_vector     0x08000000      0x1ac
                0x08000000                . = ALIGN (0x4)
 *(.isr_vector)
 .isr_vector    0x08000000      0x1ac build/startup_stm32f429xx.o
                0x08000000                g_pfnVectors
                0x080001ac                . = ALIGN (0x4)

.text           0x080001ac     0x58e8
                0x080001ac                . = ALIGN (0x4)
 *(.text)
 .text          0x080001ac       0x40 d:/vscodedev/tools/gcc-arm-none-eabi-10.3-2021.10/bin/../lib/gcc/arm-none-eabi/10.3.1/thumb/v7e-m+fp/hard/crtbegin.o
 .text          0x080001ec       0x30 d:/vscodedev/tools/gcc-arm-none-eabi-10.3-2021.10/bin/../lib/gcc/arm-none-eabi/10.3.1/thumb/v7e-m+fp/hard\libgcc.a(_aeabi_uldivmod.o)
                0x080001ec                __aeabi_uldivmod
 .text          0x0800021c      0x2d0 d:/vscodedev/tools/gcc-arm-none-eabi-10.3-2021.10/bin/../lib/gcc/arm-none-eabi/10.3.1/thumb/v7e-m+fp/hard\libgcc.a(_udivmoddi4.o)
                0x0800021c                __udivmoddi4
 .text          0x080004ec        0x4 d:/vscodedev/tools/gcc-arm-none-eabi-10.3-2021.10/bin/../lib/gcc/arm-none-eabi/10.3.1/thumb/v7e-m+fp/hard\libgcc.a(_dvmd_tls.o)
                0x080004ec                __aeabi_idiv0
                0x080004ec                __aeabi_ldiv0
 *(.text*)
 .text.MX_GPIO_Init
                0x080004f0      0x1a4 build/main.o
 .text.HAL_TIM_PeriodElapsedCallback
                0x08000694       0x18 build/main.o
                0x08000694                HAL_TIM_PeriodElapsedCallback
 .text.Error_Handler
                0x080006ac        0x4 build/main.o
                0x080006ac                Error_Handler
 .text.MX_CRC_Init
                0x080006b0       0x1c build/main.o
 .text.MX_DMA2D_Init
                0x080006cc       0x3c build/main.o
 .text.MX_FMC_Init
                0x08000708       0x70 build/main.o
 .text.MX_I2C3_Init
                0x08000778       0x54 build/main.o
 .text.MX_LTDC_Init
                0x080007cc       0xb4 build/main.o
 .text.MX_SPI5_Init
                0x08000880       0x40 build/main.o
 .text.MX_TIM1_Init
                0x080008c0       0x68 build/main.o
 .text.MX_USART1_UART_Init
                0x08000928       0x34 build/main.o
 .text.SystemClock_Config
                0x0800095c       0xa8 build/main.o
                0x0800095c                SystemClock_Config
 .text.main     0x08000a04       0x4c build/main.o
                0x08000a04                main
 .text.NMI_Handler
                0x08000a50        0x2 build/stm32f4xx_it.o
                0x08000a50                NMI_Handler
 .text.HardFault_Handler
                0x08000a52        0x2 build/stm32f4xx_it.o
                0x08000a52                HardFault_Handler
 .text.MemManage_Handler
                0x08000a54        0x2 build/stm32f4xx_it.o
                0x08000a54                MemManage_Handler
 .text.BusFault_Handler
                0x08000a56        0x2 build/stm32f4xx_it.o
                0x08000a56                BusFault_Handler
 .text.UsageFault_Handler
                0x08000a58        0x2 build/stm32f4xx_it.o
                0x08000a58                UsageFault_Handler
 .text.SVC_Handler
                0x08000a5a        0x2 build/stm32f4xx_it.o
                0x08000a5a                SVC_Handler
 .text.DebugMon_Handler
                0x08000a5c        0x2 build/stm32f4xx_it.o
                0x08000a5c                DebugMon_Handler
 .text.PendSV_Handler
                0x08000a5e        0x2 build/stm32f4xx_it.o
                0x08000a5e                PendSV_Handler
 .text.SysTick_Handler
                0x08000a60        0x2 build/stm32f4xx_it.o
                0x08000a60                SysTick_Handler
 *fill*         0x08000a62        0x2 
 .text.TIM6_DAC_IRQHandler
                0x08000a64       0x10 build/stm32f4xx_it.o
                0x08000a64                TIM6_DAC_IRQHandler
 .text.OTG_HS_IRQHandler
                0x08000a74       0x10 build/stm32f4xx_it.o
                0x08000a74                OTG_HS_IRQHandler
 .text.LTDC_IRQHandler
                0x08000a84       0x10 build/stm32f4xx_it.o
                0x08000a84                LTDC_IRQHandler
 .text.DMA2D_IRQHandler
                0x08000a94       0x10 build/stm32f4xx_it.o
                0x08000a94                DMA2D_IRQHandler
 .text.HAL_FMC_MspInit
                0x08000aa4       0xe8 build/stm32f4xx_hal_msp.o
 .text.HAL_MspInit
                0x08000b8c       0x38 build/stm32f4xx_hal_msp.o
                0x08000b8c                HAL_MspInit
 .text.HAL_CRC_MspInit
                0x08000bc4       0x30 build/stm32f4xx_hal_msp.o
                0x08000bc4                HAL_CRC_MspInit
 .text.HAL_DMA2D_MspInit
                0x08000bf4       0x40 build/stm32f4xx_hal_msp.o
                0x08000bf4                HAL_DMA2D_MspInit
 .text.HAL_I2C_MspInit
                0x08000c34       0xa8 build/stm32f4xx_hal_msp.o
                0x08000c34                HAL_I2C_MspInit
 .text.HAL_LTDC_MspInit
                0x08000cdc      0x1c4 build/stm32f4xx_hal_msp.o
                0x08000cdc                HAL_LTDC_MspInit
 .text.HAL_SPI_MspInit
                0x08000ea0       0x6c build/stm32f4xx_hal_msp.o
                0x08000ea0                HAL_SPI_MspInit
 .text.HAL_TIM_Base_MspInit
                0x08000f0c       0x30 build/stm32f4xx_hal_msp.o
                0x08000f0c                HAL_TIM_Base_MspInit
 .text.HAL_UART_MspInit
                0x08000f3c       0x74 build/stm32f4xx_hal_msp.o
                0x08000f3c                HAL_UART_MspInit
 .text.HAL_SDRAM_MspInit
                0x08000fb0        0x8 build/stm32f4xx_hal_msp.o
                0x08000fb0                HAL_SDRAM_MspInit
 .text.HAL_InitTick
                0x08000fb8       0xa4 build/stm32f4xx_hal_timebase_tim.o
                0x08000fb8                HAL_InitTick
 .text.USBH_UserProcess
                0x0800105c       0x2c build/usb_host.o
 .text.MX_USB_HOST_Init
                0x08001088       0x40 build/usb_host.o
                0x08001088                MX_USB_HOST_Init
 .text.MX_USB_HOST_Process
                0x080010c8       0x10 build/usb_host.o
                0x080010c8                MX_USB_HOST_Process
 .text.HAL_HCD_MspInit
                0x080010d8       0x94 build/usbh_conf.o
                0x080010d8                HAL_HCD_MspInit
 .text.HAL_HCD_SOF_Callback
                0x0800116c        0xc build/usbh_conf.o
                0x0800116c                HAL_HCD_SOF_Callback
 .text.HAL_HCD_Connect_Callback
                0x08001178        0xc build/usbh_conf.o
                0x08001178                HAL_HCD_Connect_Callback
 .text.HAL_HCD_Disconnect_Callback
                0x08001184        0xc build/usbh_conf.o
                0x08001184                HAL_HCD_Disconnect_Callback
 .text.HAL_HCD_HC_NotifyURBChange_Callback
                0x08001190        0x2 build/usbh_conf.o
                0x08001190                HAL_HCD_HC_NotifyURBChange_Callback
 .text.HAL_HCD_PortEnabled_Callback
                0x08001192        0xc build/usbh_conf.o
                0x08001192                HAL_HCD_PortEnabled_Callback
 .text.HAL_HCD_PortDisabled_Callback
                0x0800119e        0xc build/usbh_conf.o
                0x0800119e                HAL_HCD_PortDisabled_Callback
 *fill*         0x080011aa        0x2 
 .text.USBH_LL_Init
                0x080011ac       0x5c build/usbh_conf.o
                0x080011ac                USBH_LL_Init
 .text.USBH_LL_GetSpeed
                0x08001208       0x20 build/usbh_conf.o
                0x08001208                USBH_LL_GetSpeed
 .text.USBH_LL_GetLastXferSize
                0x08001228        0xc build/usbh_conf.o
                0x08001228                USBH_LL_GetLastXferSize
 .text.USBH_LL_GetURBState
                0x08001234        0xc build/usbh_conf.o
                0x08001234                USBH_LL_GetURBState
 .text.USBH_LL_DriverVBUS
                0x08001240       0x1a build/usbh_conf.o
                0x08001240                USBH_LL_DriverVBUS
 .text.USBH_LL_SetToggle
                0x0800125a       0x2a build/usbh_conf.o
                0x0800125a                USBH_LL_SetToggle
 .text.USBH_Delay
                0x08001284        0x8 build/usbh_conf.o
                0x08001284                USBH_Delay
 .text.USBH_Get_USB_Status
                0x0800128c       0x14 build/usbh_conf.o
                0x0800128c                USBH_Get_USB_Status
 .text.USBH_LL_Start
                0x080012a0       0x10 build/usbh_conf.o
                0x080012a0                USBH_LL_Start
 .text.USBH_LL_Stop
                0x080012b0       0x10 build/usbh_conf.o
                0x080012b0                USBH_LL_Stop
 .text.USBH_LL_ResetPort
                0x080012c0       0x10 build/usbh_conf.o
                0x080012c0                USBH_LL_ResetPort
 .text.USBH_LL_OpenPipe
                0x080012d0       0x26 build/usbh_conf.o
                0x080012d0                USBH_LL_OpenPipe
 .text.USBH_LL_ClosePipe
                0x080012f6       0x10 build/usbh_conf.o
                0x080012f6                USBH_LL_ClosePipe
 .text.USBH_LL_SubmitURB
                0x08001306       0x2a build/usbh_conf.o
                0x08001306                USBH_LL_SubmitURB
 .text.MX_DriverVbusHS
                0x08001330       0x18 build/usbh_platform.o
                0x08001330                MX_DriverVbusHS
 .text.HCD_RXQLVL_IRQHandler
                0x08001348       0x9e build/stm32f4xx_hal_hcd.o
 .text.HAL_HCD_HC_Init
                0x080013e6       0x8e build/stm32f4xx_hal_hcd.o
                0x080013e6                HAL_HCD_HC_Init
 .text.HAL_HCD_HC_Halt
                0x08001474       0x24 build/stm32f4xx_hal_hcd.o
                0x08001474                HAL_HCD_HC_Halt
 .text.HAL_HCD_Init
                0x08001498       0xa4 build/stm32f4xx_hal_hcd.o
                0x08001498                HAL_HCD_Init
 .text.HAL_HCD_HC_SubmitRequest
                0x0800153c      0x164 build/stm32f4xx_hal_hcd.o
                0x0800153c                HAL_HCD_HC_SubmitRequest
 .text.HCD_Port_IRQHandler
                0x080016a0       0xb0 build/stm32f4xx_hal_hcd.o
 .text.HCD_HC_IN_IRQHandler
                0x08001750      0x2b6 build/stm32f4xx_hal_hcd.o
 .text.HCD_HC_OUT_IRQHandler
                0x08001a06      0x2c2 build/stm32f4xx_hal_hcd.o
 .text.HAL_HCD_IRQHandler
                0x08001cc8      0x154 build/stm32f4xx_hal_hcd.o
                0x08001cc8                HAL_HCD_IRQHandler
 .text.HAL_HCD_Start
                0x08001e1c       0x2a build/stm32f4xx_hal_hcd.o
                0x08001e1c                HAL_HCD_Start
 .text.HAL_HCD_Stop
                0x08001e46       0x24 build/stm32f4xx_hal_hcd.o
                0x08001e46                HAL_HCD_Stop
 .text.HAL_HCD_ResetPort
                0x08001e6a        0xa build/stm32f4xx_hal_hcd.o
                0x08001e6a                HAL_HCD_ResetPort
 .text.HAL_HCD_HC_GetURBState
                0x08001e74        0xc build/stm32f4xx_hal_hcd.o
                0x08001e74                HAL_HCD_HC_GetURBState
 .text.HAL_HCD_HC_GetXferCount
                0x08001e80        0xa build/stm32f4xx_hal_hcd.o
                0x08001e80                HAL_HCD_HC_GetXferCount
 .text.HAL_HCD_GetCurrentFrame
                0x08001e8a        0xa build/stm32f4xx_hal_hcd.o
                0x08001e8a                HAL_HCD_GetCurrentFrame
 .text.HAL_HCD_GetCurrentSpeed
                0x08001e94        0xa build/stm32f4xx_hal_hcd.o
                0x08001e94                HAL_HCD_GetCurrentSpeed
 *fill*         0x08001e9e        0x2 
 .text.USB_CoreReset
                0x08001ea0       0x50 build/stm32f4xx_ll_usb.o
 .text.USB_CoreInit
                0x08001ef0       0x8a build/stm32f4xx_ll_usb.o
                0x08001ef0                USB_CoreInit
 .text.USB_EnableGlobalInt
                0x08001f7a        0xc build/stm32f4xx_ll_usb.o
                0x08001f7a                USB_EnableGlobalInt
 .text.USB_DisableGlobalInt
                0x08001f86        0xc build/stm32f4xx_ll_usb.o
                0x08001f86                USB_DisableGlobalInt
 *fill*         0x08001f92        0x2 
 .text.USB_FlushTxFifo
                0x08001f94       0x50 build/stm32f4xx_ll_usb.o
                0x08001f94                USB_FlushTxFifo
 .text.USB_FlushRxFifo
                0x08001fe4       0x4c build/stm32f4xx_ll_usb.o
                0x08001fe4                USB_FlushRxFifo
 .text.USB_WritePacket
                0x08002030       0x2e build/stm32f4xx_ll_usb.o
                0x08002030                USB_WritePacket
 .text.USB_ReadPacket
                0x0800205e       0x54 build/stm32f4xx_ll_usb.o
                0x0800205e                USB_ReadPacket
 .text.USB_ReadInterrupts
                0x080020b2        0x8 build/stm32f4xx_ll_usb.o
                0x080020b2                USB_ReadInterrupts
 .text.USB_GetMode
                0x080020ba        0x8 build/stm32f4xx_ll_usb.o
                0x080020ba                USB_GetMode
 .text.USB_SetCurrentMode
                0x080020c2       0x62 build/stm32f4xx_ll_usb.o
                0x080020c2                USB_SetCurrentMode
 .text.USB_HostInit
                0x08002124       0xf8 build/stm32f4xx_ll_usb.o
                0x08002124                USB_HostInit
 .text.USB_InitFSLSPClkSel
                0x0800221c       0x3e build/stm32f4xx_ll_usb.o
                0x0800221c                USB_InitFSLSPClkSel
 .text.USB_ResetPort
                0x0800225a       0x3e build/stm32f4xx_ll_usb.o
                0x0800225a                USB_ResetPort
 .text.USB_DriveVbus
                0x08002298       0x46 build/stm32f4xx_ll_usb.o
                0x08002298                USB_DriveVbus
 .text.USB_GetHostSpeed
                0x080022de       0x16 build/stm32f4xx_ll_usb.o
                0x080022de                USB_GetHostSpeed
 .text.USB_GetCurrentFrame
                0x080022f4        0xa build/stm32f4xx_ll_usb.o
                0x080022f4                USB_GetCurrentFrame
 .text.USB_HC_Init
                0x080022fe      0x128 build/stm32f4xx_ll_usb.o
                0x080022fe                USB_HC_Init
 .text.USB_HC_ReadInterrupt
                0x08002426        0xa build/stm32f4xx_ll_usb.o
                0x08002426                USB_HC_ReadInterrupt
 .text.USB_HC_Halt
                0x08002430       0xe6 build/stm32f4xx_ll_usb.o
                0x08002430                USB_HC_Halt
 *fill*         0x08002516        0x2 
 .text.USB_DoPing
                0x08002518       0x24 build/stm32f4xx_ll_usb.o
                0x08002518                USB_DoPing
 .text.USB_HC_StartXfer
                0x0800253c      0x16c build/stm32f4xx_ll_usb.o
                0x0800253c                USB_HC_StartXfer
 .text.USB_StopHost
                0x080026a8       0x92 build/stm32f4xx_ll_usb.o
                0x080026a8                USB_StopHost
 *fill*         0x0800273a        0x2 
 .text.HAL_RCC_OscConfig
                0x0800273c      0x3f8 build/stm32f4xx_hal_rcc.o
                0x0800273c                HAL_RCC_OscConfig
 .text.HAL_RCC_GetSysClockFreq
                0x08002b34       0xd4 build/stm32f4xx_hal_rcc.o
                0x08002b34                HAL_RCC_GetSysClockFreq
 .text.HAL_RCC_ClockConfig
                0x08002c08      0x160 build/stm32f4xx_hal_rcc.o
                0x08002c08                HAL_RCC_ClockConfig
 .text.HAL_RCC_GetHCLKFreq
                0x08002d68        0xc build/stm32f4xx_hal_rcc.o
                0x08002d68                HAL_RCC_GetHCLKFreq
 .text.HAL_RCC_GetPCLK1Freq
                0x08002d74       0x20 build/stm32f4xx_hal_rcc.o
                0x08002d74                HAL_RCC_GetPCLK1Freq
 .text.HAL_RCC_GetPCLK2Freq
                0x08002d94       0x20 build/stm32f4xx_hal_rcc.o
                0x08002d94                HAL_RCC_GetPCLK2Freq
 .text.HAL_RCC_GetClockConfig
                0x08002db4       0x3c build/stm32f4xx_hal_rcc.o
                0x08002db4                HAL_RCC_GetClockConfig
 .text.HAL_RCCEx_PeriphCLKConfig
                0x08002df0      0x284 build/stm32f4xx_hal_rcc_ex.o
                0x08002df0                HAL_RCCEx_PeriphCLKConfig
 .text.HAL_GPIO_Init
                0x08003074      0x1fc build/stm32f4xx_hal_gpio.o
                0x08003074                HAL_GPIO_Init
 .text.HAL_GPIO_WritePin
                0x08003270        0xc build/stm32f4xx_hal_gpio.o
                0x08003270                HAL_GPIO_WritePin
 .text.HAL_GPIO_TogglePin
                0x0800327c       0x12 build/stm32f4xx_hal_gpio.o
                0x0800327c                HAL_GPIO_TogglePin
 *fill*         0x0800328e        0x2 
 .text.HAL_NVIC_SetPriorityGrouping
                0x08003290       0x24 build/stm32f4xx_hal_cortex.o
                0x08003290                HAL_NVIC_SetPriorityGrouping
 .text.HAL_NVIC_SetPriority
                0x080032b4       0x70 build/stm32f4xx_hal_cortex.o
                0x080032b4                HAL_NVIC_SetPriority
 .text.HAL_NVIC_EnableIRQ
                0x08003324       0x1c build/stm32f4xx_hal_cortex.o
                0x08003324                HAL_NVIC_EnableIRQ
 .text.HAL_Init
                0x08003340       0x34 build/stm32f4xx_hal.o
                0x08003340                HAL_Init
 .text.HAL_IncTick
                0x08003374       0x18 build/stm32f4xx_hal.o
                0x08003374                HAL_IncTick
 .text.HAL_GetTick
                0x0800338c        0xc build/stm32f4xx_hal.o
                0x0800338c                HAL_GetTick
 .text.HAL_Delay
                0x08003398       0x28 build/stm32f4xx_hal.o
                0x08003398                HAL_Delay
 .text.HAL_CRC_Init
                0x080033c0       0x1e build/stm32f4xx_hal_crc.o
                0x080033c0                HAL_CRC_Init
 .text.HAL_DMA2D_Init
                0x080033de       0x5a build/stm32f4xx_hal_dma2d.o
                0x080033de                HAL_DMA2D_Init
 .text.HAL_DMA2D_LineEventCallback
                0x08003438        0x2 build/stm32f4xx_hal_dma2d.o
                0x08003438                HAL_DMA2D_LineEventCallback
 .text.HAL_DMA2D_CLUTLoadingCpltCallback
                0x0800343a        0x2 build/stm32f4xx_hal_dma2d.o
                0x0800343a                HAL_DMA2D_CLUTLoadingCpltCallback
 .text.HAL_DMA2D_IRQHandler
                0x0800343c      0x13c build/stm32f4xx_hal_dma2d.o
                0x0800343c                HAL_DMA2D_IRQHandler
 .text.HAL_DMA2D_ConfigLayer
                0x08003578       0xc4 build/stm32f4xx_hal_dma2d.o
                0x08003578                HAL_DMA2D_ConfigLayer
 .text.FMC_SDRAM_Init
                0x0800363c       0x78 build/stm32f4xx_ll_fmc.o
                0x0800363c                FMC_SDRAM_Init
 .text.FMC_SDRAM_Timing_Init
                0x080036b4       0xa8 build/stm32f4xx_ll_fmc.o
                0x080036b4                FMC_SDRAM_Timing_Init
 .text.HAL_SDRAM_Init
                0x0800375c       0x40 build/stm32f4xx_hal_sdram.o
                0x0800375c                HAL_SDRAM_Init
 .text.HAL_I2C_Init
                0x0800379c      0x1bc build/stm32f4xx_hal_i2c.o
                0x0800379c                HAL_I2C_Init
 .text.HAL_I2CEx_ConfigAnalogFilter
                0x08003958       0x44 build/stm32f4xx_hal_i2c_ex.o
                0x08003958                HAL_I2CEx_ConfigAnalogFilter
 .text.HAL_I2CEx_ConfigDigitalFilter
                0x0800399c       0x42 build/stm32f4xx_hal_i2c_ex.o
                0x0800399c                HAL_I2CEx_ConfigDigitalFilter
 .text.LTDC_SetConfig
                0x080039de      0x1b2 build/stm32f4xx_hal_ltdc.o
 .text.HAL_LTDC_Init
                0x08003b90       0xf4 build/stm32f4xx_hal_ltdc.o
                0x08003b90                HAL_LTDC_Init
 .text.HAL_LTDC_ErrorCallback
                0x08003c84        0x2 build/stm32f4xx_hal_ltdc.o
                0x08003c84                HAL_LTDC_ErrorCallback
 .text.HAL_LTDC_LineEventCallback
                0x08003c86        0x2 build/stm32f4xx_hal_ltdc.o
                0x08003c86                HAL_LTDC_LineEventCallback
 .text.HAL_LTDC_ReloadEventCallback
                0x08003c88        0x2 build/stm32f4xx_hal_ltdc.o
                0x08003c88                HAL_LTDC_ReloadEventCallback
 .text.HAL_LTDC_IRQHandler
                0x08003c8a       0xda build/stm32f4xx_hal_ltdc.o
                0x08003c8a                HAL_LTDC_IRQHandler
 .text.HAL_LTDC_ConfigLayer
                0x08003d64       0x68 build/stm32f4xx_hal_ltdc.o
                0x08003d64                HAL_LTDC_ConfigLayer
 .text.HAL_SPI_Init
                0x08003dcc       0xbe build/stm32f4xx_hal_spi.o
                0x08003dcc                HAL_SPI_Init
 .text.TIM_TI1_ConfigInputStage
                0x08003e8a       0x26 build/stm32f4xx_hal_tim.o
 .text.TIM_TI2_ConfigInputStage
                0x08003eb0       0x28 build/stm32f4xx_hal_tim.o
 .text.TIM_ITRx_SetConfig
                0x08003ed8       0x10 build/stm32f4xx_hal_tim.o
 .text.HAL_TIM_Base_Start_IT
                0x08003ee8       0x88 build/stm32f4xx_hal_tim.o
                0x08003ee8                HAL_TIM_Base_Start_IT
 .text.HAL_TIM_OC_DelayElapsedCallback
                0x08003f70        0x2 build/stm32f4xx_hal_tim.o
                0x08003f70                HAL_TIM_OC_DelayElapsedCallback
 .text.HAL_TIM_IC_CaptureCallback
                0x08003f72        0x2 build/stm32f4xx_hal_tim.o
                0x08003f72                HAL_TIM_IC_CaptureCallback
 .text.HAL_TIM_PWM_PulseFinishedCallback
                0x08003f74        0x2 build/stm32f4xx_hal_tim.o
                0x08003f74                HAL_TIM_PWM_PulseFinishedCallback
 .text.HAL_TIM_TriggerCallback
                0x08003f76        0x2 build/stm32f4xx_hal_tim.o
                0x08003f76                HAL_TIM_TriggerCallback
 .text.HAL_TIM_IRQHandler
                0x08003f78      0x17a build/stm32f4xx_hal_tim.o
                0x08003f78                HAL_TIM_IRQHandler
 *fill*         0x080040f2        0x2 
 .text.TIM_Base_SetConfig
                0x080040f4       0xc8 build/stm32f4xx_hal_tim.o
                0x080040f4                TIM_Base_SetConfig
 .text.HAL_TIM_Base_Init
                0x080041bc       0x58 build/stm32f4xx_hal_tim.o
                0x080041bc                HAL_TIM_Base_Init
 .text.TIM_ETR_SetConfig
                0x08004214       0x1a build/stm32f4xx_hal_tim.o
                0x08004214                TIM_ETR_SetConfig
 .text.HAL_TIM_ConfigClockSource
                0x0800422e       0xfe build/stm32f4xx_hal_tim.o
                0x0800422e                HAL_TIM_ConfigClockSource
 .text.HAL_TIMEx_MasterConfigSynchronization
                0x0800432c       0x8c build/stm32f4xx_hal_tim_ex.o
                0x0800432c                HAL_TIMEx_MasterConfigSynchronization
 .text.HAL_TIMEx_CommutCallback
                0x080043b8        0x2 build/stm32f4xx_hal_tim_ex.o
                0x080043b8                HAL_TIMEx_CommutCallback
 .text.HAL_TIMEx_BreakCallback
                0x080043ba        0x2 build/stm32f4xx_hal_tim_ex.o
                0x080043ba                HAL_TIMEx_BreakCallback
 .text.UART_SetConfig
                0x080043bc      0x110 build/stm32f4xx_hal_uart.o
 .text.HAL_UART_Init
                0x080044cc       0x5e build/stm32f4xx_hal_uart.o
                0x080044cc                HAL_UART_Init
 *fill*         0x0800452a        0x2 
 .text.SystemInit
                0x0800452c       0x14 build/system_stm32f4xx.o
                0x0800452c                SystemInit
 .text.DeInitStateMachine
                0x08004540       0x62 build/usbh_core.o
 .text.USBH_HandleSof
                0x080045a2       0x1a build/usbh_core.o
 .text.USBH_HandleEnum
                0x080045bc      0x26e build/usbh_core.o
 .text.USBH_Init
                0x0800482a       0x3e build/usbh_core.o
                0x0800482a                USBH_Init
 .text.USBH_RegisterClass
                0x08004868       0x22 build/usbh_core.o
                0x08004868                USBH_RegisterClass
 .text.USBH_SelectInterface
                0x0800488a       0x14 build/usbh_core.o
                0x0800488a                USBH_SelectInterface
 .text.USBH_FindInterface
                0x0800489e       0x54 build/usbh_core.o
                0x0800489e                USBH_FindInterface
 .text.USBH_Start
                0x080048f2       0x14 build/usbh_core.o
                0x080048f2                USBH_Start
 .text.USBH_Process
                0x08004906      0x28e build/usbh_core.o
                0x08004906                USBH_Process
 .text.USBH_LL_SetTimer
                0x08004b94        0x6 build/usbh_core.o
                0x08004b94                USBH_LL_SetTimer
 .text.USBH_LL_IncTimer
                0x08004b9a       0x12 build/usbh_core.o
                0x08004b9a                USBH_LL_IncTimer
 .text.USBH_LL_PortEnabled
                0x08004bac        0x8 build/usbh_core.o
                0x08004bac                USBH_LL_PortEnabled
 .text.USBH_LL_PortDisabled
                0x08004bb4        0x8 build/usbh_core.o
                0x08004bb4                USBH_LL_PortDisabled
 .text.USBH_LL_Connect
                0x08004bbc       0x14 build/usbh_core.o
                0x08004bbc                USBH_LL_Connect
 .text.USBH_LL_Disconnect
                0x08004bd0       0x2c build/usbh_core.o
                0x08004bd0                USBH_LL_Disconnect
 .text.USBH_ParseDevDesc
                0x08004bfc       0x80 build/usbh_ctlreq.o
 .text.USBH_ParseInterfaceDesc
                0x08004c7c       0x26 build/usbh_ctlreq.o
 .text.USBH_ParseEPDesc
                0x08004ca2       0x9a build/usbh_ctlreq.o
 .text.USBH_ParseStringDesc
                0x08004d3c       0x32 build/usbh_ctlreq.o
 .text.USBH_HandleControl
                0x08004d6e      0x1d8 build/usbh_ctlreq.o
 .text.USBH_GetNextDesc
                0x08004f46        0xe build/usbh_ctlreq.o
                0x08004f46                USBH_GetNextDesc
 .text.USBH_ParseCfgDesc
                0x08004f54      0x166 build/usbh_ctlreq.o
 .text.USBH_CtlReq
                0x080050ba       0x40 build/usbh_ctlreq.o
                0x080050ba                USBH_CtlReq
 .text.USBH_GetDescriptor
                0x080050fa       0x42 build/usbh_ctlreq.o
                0x080050fa                USBH_GetDescriptor
 .text.USBH_Get_DevDesc
                0x0800513c       0x32 build/usbh_ctlreq.o
                0x0800513c                USBH_Get_DevDesc
 .text.USBH_Get_CfgDesc
                0x0800516e       0x2c build/usbh_ctlreq.o
                0x0800516e                USBH_Get_CfgDesc
 .text.USBH_Get_StringDesc
                0x0800519a       0x30 build/usbh_ctlreq.o
                0x0800519a                USBH_Get_StringDesc
 .text.USBH_SetAddress
                0x080051ca       0x22 build/usbh_ctlreq.o
                0x080051ca                USBH_SetAddress
 .text.USBH_SetCfg
                0x080051ec       0x22 build/usbh_ctlreq.o
                0x080051ec                USBH_SetCfg
 .text.USBH_SetFeature
                0x0800520e       0x22 build/usbh_ctlreq.o
                0x0800520e                USBH_SetFeature
 .text.USBH_ClrFeature
                0x08005230       0x24 build/usbh_ctlreq.o
                0x08005230                USBH_ClrFeature
 .text.USBH_CtlSendSetup
                0x08005254       0x22 build/usbh_ioreq.o
                0x08005254                USBH_CtlSendSetup
 .text.USBH_CtlSendData
                0x08005276       0x2c build/usbh_ioreq.o
                0x08005276                USBH_CtlSendData
 .text.USBH_CtlReceiveData
                0x080052a2       0x20 build/usbh_ioreq.o
                0x080052a2                USBH_CtlReceiveData
 .text.USBH_BulkSendData
                0x080052c2       0x2c build/usbh_ioreq.o
                0x080052c2                USBH_BulkSendData
 .text.USBH_BulkReceiveData
                0x080052ee       0x20 build/usbh_ioreq.o
                0x080052ee                USBH_BulkReceiveData
 .text.USBH_GetFreePipe
                0x0800530e       0x26 build/usbh_pipes.o
 .text.USBH_OpenPipe
                0x08005334       0x20 build/usbh_pipes.o
                0x08005334                USBH_OpenPipe
 .text.USBH_ClosePipe
                0x08005354        0xa build/usbh_pipes.o
                0x08005354                USBH_ClosePipe
 .text.USBH_AllocPipe
                0x0800535e       0x26 build/usbh_pipes.o
                0x0800535e                USBH_AllocPipe
 .text.USBH_FreePipe
                0x08005384       0x16 build/usbh_pipes.o
                0x08005384                USBH_FreePipe
 .text.USBH_CDC_SOFProcess
                0x0800539a        0x4 build/usbh_cdc.o
 .text.SetLineCoding
                0x0800539e       0x1a build/usbh_cdc.o
 .text.GetLineCoding
                0x080053b8       0x1a build/usbh_cdc.o
 .text.USBH_CDC_ClassRequest
                0x080053d2       0x22 build/usbh_cdc.o
 .text.USBH_CDC_InterfaceDeInit
                0x080053f4       0x68 build/usbh_cdc.o
 .text.USBH_CDC_InterfaceInit
                0x0800545c      0x186 build/usbh_cdc.o
 .text.USBH_CDC_TransmitCallback
                0x080055e2        0x2 build/usbh_cdc.o
                0x080055e2                USBH_CDC_TransmitCallback
 .text.CDC_ProcessTransmission
                0x080055e4       0x94 build/usbh_cdc.o
 .text.USBH_CDC_ReceiveCallback
                0x08005678        0x2 build/usbh_cdc.o
                0x08005678                USBH_CDC_ReceiveCallback
 .text.CDC_ProcessReception
                0x0800567a       0x68 build/usbh_cdc.o
 .text.USBH_CDC_LineCodingChanged
                0x080056e2        0x2 build/usbh_cdc.o
                0x080056e2                USBH_CDC_LineCodingChanged
 .text.USBH_CDC_Process
                0x080056e4       0xb2 build/usbh_cdc.o
 *fill*         0x08005796        0x2 
 .text.Reset_Handler
                0x08005798       0x50 build/startup_stm32f429xx.o
                0x08005798                Reset_Handler
 .text.Default_Handler
                0x080057e8        0x2 build/startup_stm32f429xx.o
                0x080057e8                RTC_Alarm_IRQHandler
                0x080057e8                HASH_RNG_IRQHandler
                0x080057e8                EXTI2_IRQHandler
                0x080057e8                TIM8_CC_IRQHandler
                0x080057e8                UART8_IRQHandler
                0x080057e8                SPI4_IRQHandler
                0x080057e8                TIM1_CC_IRQHandler
                0x080057e8                DMA2_Stream5_IRQHandler
                0x080057e8                DMA1_Stream5_IRQHandler
                0x080057e8                PVD_IRQHandler
                0x080057e8                SDIO_IRQHandler
                0x080057e8                TAMP_STAMP_IRQHandler
                0x080057e8                CAN2_RX1_IRQHandler
                0x080057e8                EXTI3_IRQHandler
                0x080057e8                TIM8_TRG_COM_TIM14_IRQHandler
                0x080057e8                TIM1_UP_TIM10_IRQHandler
                0x080057e8                TIM8_UP_TIM13_IRQHandler
                0x080057e8                I2C3_ER_IRQHandler
                0x080057e8                EXTI0_IRQHandler
                0x080057e8                I2C2_EV_IRQHandler
                0x080057e8                DMA1_Stream2_IRQHandler
                0x080057e8                CAN1_RX0_IRQHandler
                0x080057e8                FPU_IRQHandler
                0x080057e8                OTG_HS_WKUP_IRQHandler
                0x080057e8                LTDC_ER_IRQHandler
                0x080057e8                CAN2_SCE_IRQHandler
                0x080057e8                DMA2_Stream2_IRQHandler
                0x080057e8                SPI1_IRQHandler
                0x080057e8                TIM1_BRK_TIM9_IRQHandler
                0x080057e8                DCMI_IRQHandler
                0x080057e8                CAN2_RX0_IRQHandler
                0x080057e8                DMA2_Stream3_IRQHandler
                0x080057e8                USART6_IRQHandler
                0x080057e8                USART3_IRQHandler
                0x080057e8                CAN1_RX1_IRQHandler
                0x080057e8                UART5_IRQHandler
                0x080057e8                DMA2_Stream0_IRQHandler
                0x080057e8                TIM4_IRQHandler
                0x080057e8                I2C1_EV_IRQHandler
                0x080057e8                DMA1_Stream6_IRQHandler
                0x080057e8                DMA1_Stream1_IRQHandler
                0x080057e8                UART4_IRQHandler
                0x080057e8                TIM3_IRQHandler
                0x080057e8                RCC_IRQHandler
                0x080057e8                TIM8_BRK_TIM12_IRQHandler
                0x080057e8                Default_Handler
                0x080057e8                EXTI15_10_IRQHandler
                0x080057e8                ADC_IRQHandler
                0x080057e8                DMA1_Stream7_IRQHandler
                0x080057e8                SPI5_IRQHandler
                0x080057e8                TIM7_IRQHandler
                0x080057e8                CAN2_TX_IRQHandler
                0x080057e8                TIM5_IRQHandler
                0x080057e8                DMA2_Stream7_IRQHandler
                0x080057e8                I2C3_EV_IRQHandler
                0x080057e8                EXTI9_5_IRQHandler
                0x080057e8                RTC_WKUP_IRQHandler
                0x080057e8                ETH_WKUP_IRQHandler
                0x080057e8                SPI2_IRQHandler
                0x080057e8                OTG_HS_EP1_IN_IRQHandler
                0x080057e8                DMA1_Stream0_IRQHandler
                0x080057e8                CAN1_TX_IRQHandler
                0x080057e8                EXTI4_IRQHandler
                0x080057e8                ETH_IRQHandler
                0x080057e8                OTG_HS_EP1_OUT_IRQHandler
                0x080057e8                WWDG_IRQHandler
                0x080057e8                SPI6_IRQHandler
                0x080057e8                TIM2_IRQHandler
                0x080057e8                OTG_FS_WKUP_IRQHandler
                0x080057e8                TIM1_TRG_COM_TIM11_IRQHandler
                0x080057e8                EXTI1_IRQHandler
                0x080057e8                UART7_IRQHandler
                0x080057e8                USART2_IRQHandler
                0x080057e8                I2C2_ER_IRQHandler
                0x080057e8                DMA2_Stream1_IRQHandler
                0x080057e8                CAN1_SCE_IRQHandler
                0x080057e8                FLASH_IRQHandler
                0x080057e8                DMA2_Stream4_IRQHandler
                0x080057e8                USART1_IRQHandler
                0x080057e8                OTG_FS_IRQHandler
                0x080057e8                SPI3_IRQHandler
                0x080057e8                DMA1_Stream4_IRQHandler
                0x080057e8                I2C1_ER_IRQHandler
                0x080057e8                FMC_IRQHandler
                0x080057e8                DMA2_Stream6_IRQHandler
                0x080057e8                SAI1_IRQHandler
                0x080057e8                DMA1_Stream3_IRQHandler
 *fill*         0x080057ea        0x2 
 .text.__libc_init_array
                0x080057ec       0x48 d:/vscodedev/tools/gcc-arm-none-eabi-10.3-2021.10/bin/../lib/gcc/arm-none-eabi/10.3.1/../../../../arm-none-eabi/lib/thumb/v7e-m+fp/hard\libc_nano.a(lib_a-init.o)
                0x080057ec                __libc_init_array
 .text.malloc   0x08005834       0x10 d:/vscodedev/tools/gcc-arm-none-eabi-10.3-2021.10/bin/../lib/gcc/arm-none-eabi/10.3.1/../../../../arm-none-eabi/lib/thumb/v7e-m+fp/hard\libc_nano.a(lib_a-malloc.o)
                0x08005834                malloc
 .text.free     0x08005844       0x10 d:/vscodedev/tools/gcc-arm-none-eabi-10.3-2021.10/bin/../lib/gcc/arm-none-eabi/10.3.1/../../../../arm-none-eabi/lib/thumb/v7e-m+fp/hard\libc_nano.a(lib_a-malloc.o)
                0x08005844                free
 .text.memset   0x08005854       0x10 d:/vscodedev/tools/gcc-arm-none-eabi-10.3-2021.10/bin/../lib/gcc/arm-none-eabi/10.3.1/../../../../arm-none-eabi/lib/thumb/v7e-m+fp/hard\libc_nano.a(lib_a-memset.o)
                0x08005854                memset
 .text._free_r  0x08005864       0x98 d:/vscodedev/tools/gcc-arm-none-eabi-10.3-2021.10/bin/../lib/gcc/arm-none-eabi/10.3.1/../../../../arm-none-eabi/lib/thumb/v7e-m+fp/hard\libc_nano.a(lib_a-nano-freer.o)
                0x08005864                _free_r
 .text.sbrk_aligned
                0x080058fc       0x40 d:/vscodedev/tools/gcc-arm-none-eabi-10.3-2021.10/bin/../lib/gcc/arm-none-eabi/10.3.1/../../../../arm-none-eabi/lib/thumb/v7e-m+fp/hard\libc_nano.a(lib_a-nano-mallocr.o)
 .text._malloc_r
                0x0800593c       0xe8 d:/vscodedev/tools/gcc-arm-none-eabi-10.3-2021.10/bin/../lib/gcc/arm-none-eabi/10.3.1/../../../../arm-none-eabi/lib/thumb/v7e-m+fp/hard\libc_nano.a(lib_a-nano-mallocr.o)
                0x0800593c                _malloc_r
 .text._sbrk_r  0x08005a24       0x20 d:/vscodedev/tools/gcc-arm-none-eabi-10.3-2021.10/bin/../lib/gcc/arm-none-eabi/10.3.1/../../../../arm-none-eabi/lib/thumb/v7e-m+fp/hard\libc_nano.a(lib_a-sbrkr.o)
                0x08005a24                _sbrk_r
 .text.__malloc_lock
                0x08005a44        0xc d:/vscodedev/tools/gcc-arm-none-eabi-10.3-2021.10/bin/../lib/gcc/arm-none-eabi/10.3.1/../../../../arm-none-eabi/lib/thumb/v7e-m+fp/hard\libc_nano.a(lib_a-mlock.o)
                0x08005a44                __malloc_lock
 .text.__malloc_unlock
                0x08005a50        0xc d:/vscodedev/tools/gcc-arm-none-eabi-10.3-2021.10/bin/../lib/gcc/arm-none-eabi/10.3.1/../../../../arm-none-eabi/lib/thumb/v7e-m+fp/hard\libc_nano.a(lib_a-mlock.o)
                0x08005a50                __malloc_unlock
 .text.__retarget_lock_acquire_recursive
                0x08005a5c        0x2 d:/vscodedev/tools/gcc-arm-none-eabi-10.3-2021.10/bin/../lib/gcc/arm-none-eabi/10.3.1/../../../../arm-none-eabi/lib/thumb/v7e-m+fp/hard\libc_nano.a(lib_a-lock.o)
                0x08005a5c                __retarget_lock_acquire_recursive
 .text.__retarget_lock_release_recursive
                0x08005a5e        0x2 d:/vscodedev/tools/gcc-arm-none-eabi-10.3-2021.10/bin/../lib/gcc/arm-none-eabi/10.3.1/../../../../arm-none-eabi/lib/thumb/v7e-m+fp/hard\libc_nano.a(lib_a-lock.o)
                0x08005a5e                __retarget_lock_release_recursive
 .text._sbrk    0x08005a60       0x1c d:/vscodedev/tools/gcc-arm-none-eabi-10.3-2021.10/bin/../lib/gcc/arm-none-eabi/10.3.1/../../../../arm-none-eabi/lib/thumb/v7e-m+fp/hard\libnosys.a(sbrk.o)
                0x08005a60                _sbrk
 *(.glue_7)
 .glue_7        0x08005a7c        0x0 linker stubs
 *(.glue_7t)
 .glue_7t       0x08005a7c        0x0 linker stubs
 *(.eh_frame)
 .eh_frame      0x08005a7c        0x0 d:/vscodedev/tools/gcc-arm-none-eabi-10.3-2021.10/bin/../lib/gcc/arm-none-eabi/10.3.1/thumb/v7e-m+fp/hard/crtbegin.o
 *(.init)
 .init          0x08005a7c        0x4 d:/vscodedev/tools/gcc-arm-none-eabi-10.3-2021.10/bin/../lib/gcc/arm-none-eabi/10.3.1/thumb/v7e-m+fp/hard/crti.o
                0x08005a7c                _init
 .init          0x08005a80        0x8 d:/vscodedev/tools/gcc-arm-none-eabi-10.3-2021.10/bin/../lib/gcc/arm-none-eabi/10.3.1/thumb/v7e-m+fp/hard/crtn.o
 *(.fini)
 .fini          0x08005a88        0x4 d:/vscodedev/tools/gcc-arm-none-eabi-10.3-2021.10/bin/../lib/gcc/arm-none-eabi/10.3.1/thumb/v7e-m+fp/hard/crti.o
                0x08005a88                _fini
 .fini          0x08005a8c        0x8 d:/vscodedev/tools/gcc-arm-none-eabi-10.3-2021.10/bin/../lib/gcc/arm-none-eabi/10.3.1/thumb/v7e-m+fp/hard/crtn.o
                0x08005a94                . = ALIGN (0x4)
                0x08005a94                _etext = .

.vfp11_veneer   0x08005a94        0x0
 .vfp11_veneer  0x08005a94        0x0 linker stubs

.v4_bx          0x08005a94        0x0
 .v4_bx         0x08005a94        0x0 linker stubs

.iplt           0x08005a94        0x0
 .iplt          0x08005a94        0x0 d:/vscodedev/tools/gcc-arm-none-eabi-10.3-2021.10/bin/../lib/gcc/arm-none-eabi/10.3.1/thumb/v7e-m+fp/hard/crtbegin.o

.rodata         0x08005a94       0x1c
                0x08005a94                . = ALIGN (0x4)
 *(.rodata)
 *(.rodata*)
 .rodata.AHBPrescTable
                0x08005a94       0x10 build/system_stm32f4xx.o
                0x08005a94                AHBPrescTable
 .rodata.APBPrescTable
                0x08005aa4        0x8 build/system_stm32f4xx.o
                0x08005aa4                APBPrescTable
 .rodata.str1.4
                0x08005aac        0x4 build/usbh_cdc.o
                0x08005ab0                . = ALIGN (0x4)

.ARM.extab
 *(.ARM.extab* .gnu.linkonce.armextab.*)

.ARM            0x08005ab0        0x8
                0x08005ab0                __exidx_start = .
 *(.ARM.exidx*)
 .ARM.exidx     0x08005ab0        0x8 d:/vscodedev/tools/gcc-arm-none-eabi-10.3-2021.10/bin/../lib/gcc/arm-none-eabi/10.3.1/thumb/v7e-m+fp/hard\libgcc.a(_udivmoddi4.o)
                0x08005ab8                __exidx_end = .

.rel.dyn        0x08005ab8        0x0
 .rel.iplt      0x08005ab8        0x0 d:/vscodedev/tools/gcc-arm-none-eabi-10.3-2021.10/bin/../lib/gcc/arm-none-eabi/10.3.1/thumb/v7e-m+fp/hard/crtbegin.o

.preinit_array  0x08005ab8        0x0
                0x08005ab8                PROVIDE (__preinit_array_start = .)
 *(.preinit_array*)
                0x08005ab8                PROVIDE (__preinit_array_end = .)

.init_array     0x08005ab8        0x4
                0x08005ab8                PROVIDE (__init_array_start = .)
 *(SORT_BY_NAME(.init_array.*))
 *(.init_array*)
 .init_array    0x08005ab8        0x4 d:/vscodedev/tools/gcc-arm-none-eabi-10.3-2021.10/bin/../lib/gcc/arm-none-eabi/10.3.1/thumb/v7e-m+fp/hard/crtbegin.o
                0x08005abc                PROVIDE (__init_array_end = .)

.fini_array     0x08005abc        0x4
                [!provide]                PROVIDE (__fini_array_start = .)
 *(SORT_BY_NAME(.fini_array.*))
 *(.fini_array*)
 .fini_array    0x08005abc        0x4 d:/vscodedev/tools/gcc-arm-none-eabi-10.3-2021.10/bin/../lib/gcc/arm-none-eabi/10.3.1/thumb/v7e-m+fp/hard/crtbegin.o
                [!provide]                PROVIDE (__fini_array_end = .)
                0x08005ac0                _sidata = LOADADDR (.data)

.data           0x20000000       0x90 load address 0x08005ac0
                0x20000000                . = ALIGN (0x4)
                0x20000000                _sdata = .
 *(.data)
 *(.data*)
 .data.uwTickFreq
                0x20000000        0x1 build/stm32f4xx_hal.o
                0x20000000                uwTickFreq
 *fill*         0x20000001        0x3 
 .data.uwTickPrio
                0x20000004        0x4 build/stm32f4xx_hal.o
                0x20000004                uwTickPrio
 .data.SystemCoreClock
                0x20000008        0x4 build/system_stm32f4xx.o
                0x20000008                SystemCoreClock
 .data.CDC_Class
                0x2000000c       0x20 build/usbh_cdc.o
                0x2000000c                CDC_Class
 .data._impure_ptr
                0x2000002c        0x4 d:/vscodedev/tools/gcc-arm-none-eabi-10.3-2021.10/bin/../lib/gcc/arm-none-eabi/10.3.1/../../../../arm-none-eabi/lib/thumb/v7e-m+fp/hard\libc_nano.a(lib_a-impure.o)
                0x2000002c                _impure_ptr
 .data.impure_data
                0x20000030       0x60 d:/vscodedev/tools/gcc-arm-none-eabi-10.3-2021.10/bin/../lib/gcc/arm-none-eabi/10.3.1/../../../../arm-none-eabi/lib/thumb/v7e-m+fp/hard\libc_nano.a(lib_a-impure.o)
                0x20000090                . = ALIGN (0x4)
                0x20000090                _edata = .
                0x08005b50                _siccmram = LOADADDR (.ccmram)

.igot.plt       0x20000090        0x0 load address 0x08005b50
 .igot.plt      0x20000090        0x0 d:/vscodedev/tools/gcc-arm-none-eabi-10.3-2021.10/bin/../lib/gcc/arm-none-eabi/10.3.1/thumb/v7e-m+fp/hard/crtbegin.o

.ccmram         0x10000000        0x0 load address 0x08005b50
                0x10000000                . = ALIGN (0x4)
                0x10000000                _sccmram = .
 *(.ccmram)
 *(.ccmram*)
                0x10000000                . = ALIGN (0x4)
                0x10000000                _eccmram = .
                0x10000000                . = ALIGN (0x4)

.bss            0x20000090      0x9bc
                0x20000090                _sbss = .
                0x20000090                __bss_start__ = _sbss
 *(.bss)
 .bss           0x20000090       0x1c d:/vscodedev/tools/gcc-arm-none-eabi-10.3-2021.10/bin/../lib/gcc/arm-none-eabi/10.3.1/thumb/v7e-m+fp/hard/crtbegin.o
 *(.bss*)
 .bss.hcrc      0x200000ac        0x8 build/main.o
                0x200000ac                hcrc
 .bss.hdma2d    0x200000b4       0x40 build/main.o
                0x200000b4                hdma2d
 .bss.hi2c3     0x200000f4       0x54 build/main.o
                0x200000f4                hi2c3
 .bss.hltdc     0x20000148       0xa8 build/main.o
                0x20000148                hltdc
 .bss.hsdram1   0x200001f0       0x34 build/main.o
                0x200001f0                hsdram1
 .bss.hspi5     0x20000224       0x58 build/main.o
                0x20000224                hspi5
 .bss.htim1     0x2000027c       0x48 build/main.o
                0x2000027c                htim1
 .bss.huart1    0x200002c4       0x44 build/main.o
                0x200002c4                huart1
 .bss.FMC_Initialized
                0x20000308        0x4 build/stm32f4xx_hal_msp.o
 .bss.htim6     0x2000030c       0x48 build/stm32f4xx_hal_timebase_tim.o
                0x2000030c                htim6
 .bss.Appli_state
                0x20000354        0x1 build/usb_host.o
                0x20000354                Appli_state
 *fill*         0x20000355        0x3 
 .bss.hUsbHostHS
                0x20000358      0x3d8 build/usb_host.o
                0x20000358                hUsbHostHS
 .bss.hhcd_USB_OTG_HS
                0x20000730      0x304 build/usbh_conf.o
                0x20000730                hhcd_USB_OTG_HS
 .bss.uwTick    0x20000a34        0x4 build/stm32f4xx_hal.o
                0x20000a34                uwTick
 .bss.__malloc_free_list
                0x20000a38        0x4 d:/vscodedev/tools/gcc-arm-none-eabi-10.3-2021.10/bin/../lib/gcc/arm-none-eabi/10.3.1/../../../../arm-none-eabi/lib/thumb/v7e-m+fp/hard\libc_nano.a(lib_a-nano-mallocr.o)
                0x20000a38                __malloc_free_list
 .bss.__malloc_sbrk_start
                0x20000a3c        0x4 d:/vscodedev/tools/gcc-arm-none-eabi-10.3-2021.10/bin/../lib/gcc/arm-none-eabi/10.3.1/../../../../arm-none-eabi/lib/thumb/v7e-m+fp/hard\libc_nano.a(lib_a-nano-mallocr.o)
                0x20000a3c                __malloc_sbrk_start
 .bss.errno     0x20000a40        0x4 d:/vscodedev/tools/gcc-arm-none-eabi-10.3-2021.10/bin/../lib/gcc/arm-none-eabi/10.3.1/../../../../arm-none-eabi/lib/thumb/v7e-m+fp/hard\libc_nano.a(lib_a-reent.o)
                0x20000a40                errno
 .bss.__lock___malloc_recursive_mutex
                0x20000a44        0x1 d:/vscodedev/tools/gcc-arm-none-eabi-10.3-2021.10/bin/../lib/gcc/arm-none-eabi/10.3.1/../../../../arm-none-eabi/lib/thumb/v7e-m+fp/hard\libc_nano.a(lib_a-lock.o)
                0x20000a44                __lock___malloc_recursive_mutex
 *fill*         0x20000a45        0x3 
 .bss.heap_end.0
                0x20000a48        0x4 d:/vscodedev/tools/gcc-arm-none-eabi-10.3-2021.10/bin/../lib/gcc/arm-none-eabi/10.3.1/../../../../arm-none-eabi/lib/thumb/v7e-m+fp/hard\libnosys.a(sbrk.o)
 *(COMMON)
                0x20000a4c                . = ALIGN (0x4)
                0x20000a4c                _ebss = .
                0x20000a4c                __bss_end__ = _ebss

._user_heap_stack
                0x20000a4c      0x604
                0x20000a50                . = ALIGN (0x8)
 *fill*         0x20000a4c        0x4 
                0x20000a50                PROVIDE (end = .)
                [!provide]                PROVIDE (_end = .)
                0x20000c50                . = (. + _Min_Heap_Size)
 *fill*         0x20000a50      0x200 
                0x20001050                . = (. + _Min_Stack_Size)
 *fill*         0x20000c50      0x400 
                0x20001050                . = ALIGN (0x8)

/DISCARD/
 libc.a(*)
 libm.a(*)
 libgcc.a(*)

.ARM.attributes
                0x00000000       0x30
 *(.ARM.attributes)
 .ARM.attributes
                0x00000000       0x1e d:/vscodedev/tools/gcc-arm-none-eabi-10.3-2021.10/bin/../lib/gcc/arm-none-eabi/10.3.1/thumb/v7e-m+fp/hard/crti.o
 .ARM.attributes
                0x0000001e       0x34 d:/vscodedev/tools/gcc-arm-none-eabi-10.3-2021.10/bin/../lib/gcc/arm-none-eabi/10.3.1/thumb/v7e-m+fp/hard/crtbegin.o
 .ARM.attributes
                0x00000052       0x34 build/main.o
 .ARM.attributes
                0x00000086       0x34 build/stm32f4xx_it.o
 .ARM.attributes
                0x000000ba       0x34 build/stm32f4xx_hal_msp.o
 .ARM.attributes
                0x000000ee       0x34 build/stm32f4xx_hal_timebase_tim.o
 .ARM.attributes
                0x00000122       0x34 build/usb_host.o
 .ARM.attributes
                0x00000156       0x34 build/usbh_conf.o
 .ARM.attributes
                0x0000018a       0x34 build/usbh_platform.o
 .ARM.attributes
                0x000001be       0x34 build/stm32f4xx_hal_hcd.o
 .ARM.attributes
                0x000001f2       0x34 build/stm32f4xx_ll_usb.o
 .ARM.attributes
                0x00000226       0x34 build/stm32f4xx_hal_rcc.o
 .ARM.attributes
                0x0000025a       0x34 build/stm32f4xx_hal_rcc_ex.o
 .ARM.attributes
                0x0000028e       0x34 build/stm32f4xx_hal_gpio.o
 .ARM.attributes
                0x000002c2       0x34 build/stm32f4xx_hal_cortex.o
 .ARM.attributes
                0x000002f6       0x34 build/stm32f4xx_hal.o
 .ARM.attributes
                0x0000032a       0x34 build/stm32f4xx_hal_crc.o
 .ARM.attributes
                0x0000035e       0x34 build/stm32f4xx_hal_dma2d.o
 .ARM.attributes
                0x00000392       0x34 build/stm32f4xx_ll_fmc.o
 .ARM.attributes
                0x000003c6       0x34 build/stm32f4xx_hal_sdram.o
 .ARM.attributes
                0x000003fa       0x34 build/stm32f4xx_hal_i2c.o
 .ARM.attributes
                0x0000042e       0x34 build/stm32f4xx_hal_i2c_ex.o
 .ARM.attributes
                0x00000462       0x34 build/stm32f4xx_hal_ltdc.o
 .ARM.attributes
                0x00000496       0x34 build/stm32f4xx_hal_spi.o
 .ARM.attributes
                0x000004ca       0x34 build/stm32f4xx_hal_tim.o
 .ARM.attributes
                0x000004fe       0x34 build/stm32f4xx_hal_tim_ex.o
 .ARM.attributes
                0x00000532       0x34 build/stm32f4xx_hal_uart.o
 .ARM.attributes
                0x00000566       0x34 build/system_stm32f4xx.o
 .ARM.attributes
                0x0000059a       0x34 build/usbh_core.o
 .ARM.attributes
                0x000005ce       0x34 build/usbh_ctlreq.o
 .ARM.attributes
                0x00000602       0x34 build/usbh_ioreq.o
 .ARM.attributes
                0x00000636       0x34 build/usbh_pipes.o
 .ARM.attributes
                0x0000066a       0x34 build/usbh_cdc.o
 .ARM.attributes
                0x0000069e       0x21 build/startup_stm32f429xx.o
 .ARM.attributes
                0x000006bf       0x34 d:/vscodedev/tools/gcc-arm-none-eabi-10.3-2021.10/bin/../lib/gcc/arm-none-eabi/10.3.1/../../../../arm-none-eabi/lib/thumb/v7e-m+fp/hard\libc_nano.a(lib_a-impure.o)
 .ARM.attributes
                0x000006f3       0x34 d:/vscodedev/tools/gcc-arm-none-eabi-10.3-2021.10/bin/../lib/gcc/arm-none-eabi/10.3.1/../../../../arm-none-eabi/lib/thumb/v7e-m+fp/hard\libc_nano.a(lib_a-init.o)
 .ARM.attributes
                0x00000727       0x34 d:/vscodedev/tools/gcc-arm-none-eabi-10.3-2021.10/bin/../lib/gcc/arm-none-eabi/10.3.1/../../../../arm-none-eabi/lib/thumb/v7e-m+fp/hard\libc_nano.a(lib_a-malloc.o)
 .ARM.attributes
                0x0000075b       0x34 d:/vscodedev/tools/gcc-arm-none-eabi-10.3-2021.10/bin/../lib/gcc/arm-none-eabi/10.3.1/../../../../arm-none-eabi/lib/thumb/v7e-m+fp/hard\libc_nano.a(lib_a-memset.o)
 .ARM.attributes
                0x0000078f       0x34 d:/vscodedev/tools/gcc-arm-none-eabi-10.3-2021.10/bin/../lib/gcc/arm-none-eabi/10.3.1/../../../../arm-none-eabi/lib/thumb/v7e-m+fp/hard\libc_nano.a(lib_a-nano-freer.o)
 .ARM.attributes
                0x000007c3       0x34 d:/vscodedev/tools/gcc-arm-none-eabi-10.3-2021.10/bin/../lib/gcc/arm-none-eabi/10.3.1/../../../../arm-none-eabi/lib/thumb/v7e-m+fp/hard\libc_nano.a(lib_a-nano-mallocr.o)
 .ARM.attributes
                0x000007f7       0x34 d:/vscodedev/tools/gcc-arm-none-eabi-10.3-2021.10/bin/../lib/gcc/arm-none-eabi/10.3.1/../../../../arm-none-eabi/lib/thumb/v7e-m+fp/hard\libc_nano.a(lib_a-sbrkr.o)
 .ARM.attributes
                0x0000082b       0x34 d:/vscodedev/tools/gcc-arm-none-eabi-10.3-2021.10/bin/../lib/gcc/arm-none-eabi/10.3.1/../../../../arm-none-eabi/lib/thumb/v7e-m+fp/hard\libc_nano.a(lib_a-mlock.o)
 .ARM.attributes
                0x0000085f       0x34 d:/vscodedev/tools/gcc-arm-none-eabi-10.3-2021.10/bin/../lib/gcc/arm-none-eabi/10.3.1/../../../../arm-none-eabi/lib/thumb/v7e-m+fp/hard\libc_nano.a(lib_a-reent.o)
 .ARM.attributes
                0x00000893       0x34 d:/vscodedev/tools/gcc-arm-none-eabi-10.3-2021.10/bin/../lib/gcc/arm-none-eabi/10.3.1/../../../../arm-none-eabi/lib/thumb/v7e-m+fp/hard\libc_nano.a(lib_a-lock.o)
 .ARM.attributes
                0x000008c7       0x34 d:/vscodedev/tools/gcc-arm-none-eabi-10.3-2021.10/bin/../lib/gcc/arm-none-eabi/10.3.1/../../../../arm-none-eabi/lib/thumb/v7e-m+fp/hard\libnosys.a(sbrk.o)
 .ARM.attributes
                0x000008fb       0x1e d:/vscodedev/tools/gcc-arm-none-eabi-10.3-2021.10/bin/../lib/gcc/arm-none-eabi/10.3.1/thumb/v7e-m+fp/hard\libgcc.a(_aeabi_uldivmod.o)
 .ARM.attributes
                0x00000919       0x34 d:/vscodedev/tools/gcc-arm-none-eabi-10.3-2021.10/bin/../lib/gcc/arm-none-eabi/10.3.1/thumb/v7e-m+fp/hard\libgcc.a(_udivmoddi4.o)
 .ARM.attributes
                0x0000094d       0x1e d:/vscodedev/tools/gcc-arm-none-eabi-10.3-2021.10/bin/../lib/gcc/arm-none-eabi/10.3.1/thumb/v7e-m+fp/hard\libgcc.a(_dvmd_tls.o)
 .ARM.attributes
                0x0000096b       0x1e d:/vscodedev/tools/gcc-arm-none-eabi-10.3-2021.10/bin/../lib/gcc/arm-none-eabi/10.3.1/thumb/v7e-m+fp/hard/crtn.o
OUTPUT(build/MakeTest.elf elf32-littlearm)
LOAD linker stubs
LOAD d:/vscodedev/tools/gcc-arm-none-eabi-10.3-2021.10/bin/../lib/gcc/arm-none-eabi/10.3.1/../../../../arm-none-eabi/lib/thumb/v7e-m+fp/hard\libc.a
LOAD d:/vscodedev/tools/gcc-arm-none-eabi-10.3-2021.10/bin/../lib/gcc/arm-none-eabi/10.3.1/../../../../arm-none-eabi/lib/thumb/v7e-m+fp/hard\libm.a
LOAD d:/vscodedev/tools/gcc-arm-none-eabi-10.3-2021.10/bin/../lib/gcc/arm-none-eabi/10.3.1/thumb/v7e-m+fp/hard\libgcc.a

.debug_info     0x00000000    0x2d546
 .debug_info    0x00000000     0x292b build/main.o
 .debug_info    0x0000292b     0x1542 build/stm32f4xx_it.o
 .debug_info    0x00003e6d     0x2b97 build/stm32f4xx_hal_msp.o
 .debug_info    0x00006a04      0xde7 build/stm32f4xx_hal_timebase_tim.o
 .debug_info    0x000077eb      0xbc4 build/usb_host.o
 .debug_info    0x000083af     0x2182 build/usbh_conf.o
 .debug_info    0x0000a531      0x212 build/usbh_platform.o
 .debug_info    0x0000a743     0x15ae build/stm32f4xx_hal_hcd.o
 .debug_info    0x0000bcf1     0x2164 build/stm32f4xx_ll_usb.o
 .debug_info    0x0000de55      0xc08 build/stm32f4xx_hal_rcc.o
 .debug_info    0x0000ea5d      0x8b5 build/stm32f4xx_hal_rcc_ex.o
 .debug_info    0x0000f312      0x86a build/stm32f4xx_hal_gpio.o
 .debug_info    0x0000fb7c     0x11aa build/stm32f4xx_hal_cortex.o
 .debug_info    0x00010d26      0xb55 build/stm32f4xx_hal.o
 .debug_info    0x0001187b      0x41d build/stm32f4xx_hal_crc.o
 .debug_info    0x00011c98     0x1416 build/stm32f4xx_hal_dma2d.o
 .debug_info    0x000130ae     0x10c7 build/stm32f4xx_ll_fmc.o
 .debug_info    0x00014175     0x121b build/stm32f4xx_hal_sdram.o
 .debug_info    0x00015390     0x3b49 build/stm32f4xx_hal_i2c.o
 .debug_info    0x00018ed9      0x75e build/stm32f4xx_hal_i2c_ex.o
 .debug_info    0x00019637     0x16c2 build/stm32f4xx_hal_ltdc.o
 .debug_info    0x0001acf9     0x2015 build/stm32f4xx_hal_spi.o
 .debug_info    0x0001cd0e     0x4061 build/stm32f4xx_hal_tim.o
 .debug_info    0x00020d6f     0x1c6a build/stm32f4xx_hal_tim_ex.o
 .debug_info    0x000229d9     0x43e7 build/stm32f4xx_hal_uart.o
 .debug_info    0x00026dc0      0x5d5 build/system_stm32f4xx.o
 .debug_info    0x00027395     0x1658 build/usbh_core.o
 .debug_info    0x000289ed     0x153f build/usbh_ctlreq.o
 .debug_info    0x00029f2c     0x1013 build/usbh_ioreq.o
 .debug_info    0x0002af3f      0xc5d build/usbh_pipes.o
 .debug_info    0x0002bb9c     0x1988 build/usbh_cdc.o
 .debug_info    0x0002d524       0x22 build/startup_stm32f429xx.o

.debug_abbrev   0x00000000     0x4c06
 .debug_abbrev  0x00000000      0x2c5 build/main.o
 .debug_abbrev  0x000002c5      0x1bf build/stm32f4xx_it.o
 .debug_abbrev  0x00000484      0x2b7 build/stm32f4xx_hal_msp.o
 .debug_abbrev  0x0000073b      0x202 build/stm32f4xx_hal_timebase_tim.o
 .debug_abbrev  0x0000093d      0x263 build/usb_host.o
 .debug_abbrev  0x00000ba0      0x380 build/usbh_conf.o
 .debug_abbrev  0x00000f20      0x11f build/usbh_platform.o
 .debug_abbrev  0x0000103f      0x2b8 build/stm32f4xx_hal_hcd.o
 .debug_abbrev  0x000012f7      0x2f9 build/stm32f4xx_ll_usb.o
 .debug_abbrev  0x000015f0      0x2aa build/stm32f4xx_hal_rcc.o
 .debug_abbrev  0x0000189a      0x1a1 build/stm32f4xx_hal_rcc_ex.o
 .debug_abbrev  0x00001a3b      0x22b build/stm32f4xx_hal_gpio.o
 .debug_abbrev  0x00001c66      0x382 build/stm32f4xx_hal_cortex.o
 .debug_abbrev  0x00001fe8      0x209 build/stm32f4xx_hal.o
 .debug_abbrev  0x000021f1      0x1e2 build/stm32f4xx_hal_crc.o
 .debug_abbrev  0x000023d3      0x285 build/stm32f4xx_hal_dma2d.o
 .debug_abbrev  0x00002658      0x1cd build/stm32f4xx_ll_fmc.o
 .debug_abbrev  0x00002825      0x26a build/stm32f4xx_hal_sdram.o
 .debug_abbrev  0x00002a8f      0x2f3 build/stm32f4xx_hal_i2c.o
 .debug_abbrev  0x00002d82      0x151 build/stm32f4xx_hal_i2c_ex.o
 .debug_abbrev  0x00002ed3      0x276 build/stm32f4xx_hal_ltdc.o
 .debug_abbrev  0x00003149      0x2a6 build/stm32f4xx_hal_spi.o
 .debug_abbrev  0x000033ef      0x282 build/stm32f4xx_hal_tim.o
 .debug_abbrev  0x00003671      0x298 build/stm32f4xx_hal_tim_ex.o
 .debug_abbrev  0x00003909      0x356 build/stm32f4xx_hal_uart.o
 .debug_abbrev  0x00003c5f      0x11b build/system_stm32f4xx.o
 .debug_abbrev  0x00003d7a      0x359 build/usbh_core.o
 .debug_abbrev  0x000040d3      0x318 build/usbh_ctlreq.o
 .debug_abbrev  0x000043eb      0x21e build/usbh_ioreq.o
 .debug_abbrev  0x00004609      0x284 build/usbh_pipes.o
 .debug_abbrev  0x0000488d      0x367 build/usbh_cdc.o
 .debug_abbrev  0x00004bf4       0x12 build/startup_stm32f429xx.o

.debug_loc      0x00000000    0x234ff
 .debug_loc     0x00000000      0x26f build/main.o
 .debug_loc     0x0000026f       0x80 build/stm32f4xx_it.o
 .debug_loc     0x000002ef      0x5ed build/stm32f4xx_hal_msp.o
 .debug_loc     0x000008dc      0x136 build/stm32f4xx_hal_timebase_tim.o
 .debug_loc     0x00000a12       0x40 build/usb_host.o
 .debug_loc     0x00000a52      0xba3 build/usbh_conf.o
 .debug_loc     0x000015f5       0x81 build/usbh_platform.o
 .debug_loc     0x00001676     0x1454 build/stm32f4xx_hal_hcd.o
 .debug_loc     0x00002aca     0x2abe build/stm32f4xx_ll_usb.o
 .debug_loc     0x00005588      0x6e4 build/stm32f4xx_hal_rcc.o
 .debug_loc     0x00005c6c      0x5ba build/stm32f4xx_hal_rcc_ex.o
 .debug_loc     0x00006226      0x5e8 build/stm32f4xx_hal_gpio.o
 .debug_loc     0x0000680e      0x7a4 build/stm32f4xx_hal_cortex.o
 .debug_loc     0x00006fb2      0x1e1 build/stm32f4xx_hal.o
 .debug_loc     0x00007193      0x2c3 build/stm32f4xx_hal_crc.o
 .debug_loc     0x00007456     0x16ea build/stm32f4xx_hal_dma2d.o
 .debug_loc     0x00008b40      0xa95 build/stm32f4xx_ll_fmc.o
 .debug_loc     0x000095d5     0x11ef build/stm32f4xx_hal_sdram.o
 .debug_loc     0x0000a7c4     0x4e42 build/stm32f4xx_hal_i2c.o
 .debug_loc     0x0000f606       0xfe build/stm32f4xx_hal_i2c_ex.o
 .debug_loc     0x0000f704     0x1c0a build/stm32f4xx_hal_ltdc.o
 .debug_loc     0x0001130e     0x2501 build/stm32f4xx_hal_spi.o
 .debug_loc     0x0001380f     0x5ba0 build/stm32f4xx_hal_tim.o
 .debug_loc     0x000193af     0x2137 build/stm32f4xx_hal_tim_ex.o
 .debug_loc     0x0001b4e6     0x4fef build/stm32f4xx_hal_uart.o
 .debug_loc     0x000204d5      0x158 build/system_stm32f4xx.o
 .debug_loc     0x0002062d      0xac2 build/usbh_core.o
 .debug_loc     0x000210ef     0x1152 build/usbh_ctlreq.o
 .debug_loc     0x00022241      0x750 build/usbh_ioreq.o
 .debug_loc     0x00022991      0x26e build/usbh_pipes.o
 .debug_loc     0x00022bff      0x900 build/usbh_cdc.o

.debug_aranges  0x00000000     0x1be0
 .debug_aranges
                0x00000000       0x80 build/main.o
 .debug_aranges
                0x00000080       0x80 build/stm32f4xx_it.o
 .debug_aranges
                0x00000100       0xb0 build/stm32f4xx_hal_msp.o
 .debug_aranges
                0x000001b0       0x30 build/stm32f4xx_hal_timebase_tim.o
 .debug_aranges
                0x000001e0       0x30 build/usb_host.o
 .debug_aranges
                0x00000210       0xd8 build/usbh_conf.o
 .debug_aranges
                0x000002e8       0x20 build/usbh_platform.o
 .debug_aranges
                0x00000308       0xf8 build/stm32f4xx_hal_hcd.o
 .debug_aranges
                0x00000400      0x1a0 build/stm32f4xx_ll_usb.o
 .debug_aranges
                0x000005a0       0x88 build/stm32f4xx_hal_rcc.o
 .debug_aranges
                0x00000628       0x58 build/stm32f4xx_hal_rcc_ex.o
 .debug_aranges
                0x00000680       0x58 build/stm32f4xx_hal_gpio.o
 .debug_aranges
                0x000006d8       0xa8 build/stm32f4xx_hal_cortex.o
 .debug_aranges
                0x00000780      0x100 build/stm32f4xx_hal.o
 .debug_aranges
                0x00000880       0x50 build/stm32f4xx_hal_crc.o
 .debug_aranges
                0x000008d0      0x118 build/stm32f4xx_hal_dma2d.o
 .debug_aranges
                0x000009e8       0xf0 build/stm32f4xx_ll_fmc.o
 .debug_aranges
                0x00000ad8       0xe8 build/stm32f4xx_hal_sdram.o
 .debug_aranges
                0x00000bc0      0x2a0 build/stm32f4xx_hal_i2c.o
 .debug_aranges
                0x00000e60       0x28 build/stm32f4xx_hal_i2c_ex.o
 .debug_aranges
                0x00000e88      0x158 build/stm32f4xx_hal_ltdc.o
 .debug_aranges
                0x00000fe0      0x1d0 build/stm32f4xx_hal_spi.o
 .debug_aranges
                0x000011b0      0x3d0 build/stm32f4xx_hal_tim.o
 .debug_aranges
                0x00001580      0x168 build/stm32f4xx_hal_tim_ex.o
 .debug_aranges
                0x000016e8      0x200 build/stm32f4xx_hal_uart.o
 .debug_aranges
                0x000018e8       0x28 build/system_stm32f4xx.o
 .debug_aranges
                0x00001910       0xc0 build/usbh_core.o
 .debug_aranges
                0x000019d0       0xa0 build/usbh_ctlreq.o
 .debug_aranges
                0x00001a70       0x60 build/usbh_ioreq.o
 .debug_aranges
                0x00001ad0       0x40 build/usbh_pipes.o
 .debug_aranges
                0x00001b10       0xa8 build/usbh_cdc.o
 .debug_aranges
                0x00001bb8       0x28 build/startup_stm32f429xx.o

.debug_ranges   0x00000000     0x1a90
 .debug_ranges  0x00000000       0x70 build/main.o
 .debug_ranges  0x00000070       0x70 build/stm32f4xx_it.o
 .debug_ranges  0x000000e0       0xa0 build/stm32f4xx_hal_msp.o
 .debug_ranges  0x00000180       0x20 build/stm32f4xx_hal_timebase_tim.o
 .debug_ranges  0x000001a0       0x20 build/usb_host.o
 .debug_ranges  0x000001c0       0xc8 build/usbh_conf.o
 .debug_ranges  0x00000288       0x10 build/usbh_platform.o
 .debug_ranges  0x00000298       0xe8 build/stm32f4xx_hal_hcd.o
 .debug_ranges  0x00000380      0x190 build/stm32f4xx_ll_usb.o
 .debug_ranges  0x00000510       0x90 build/stm32f4xx_hal_rcc.o
 .debug_ranges  0x000005a0       0x48 build/stm32f4xx_hal_rcc_ex.o
 .debug_ranges  0x000005e8       0x48 build/stm32f4xx_hal_gpio.o
 .debug_ranges  0x00000630       0xf8 build/stm32f4xx_hal_cortex.o
 .debug_ranges  0x00000728       0xf0 build/stm32f4xx_hal.o
 .debug_ranges  0x00000818       0x40 build/stm32f4xx_hal_crc.o
 .debug_ranges  0x00000858      0x108 build/stm32f4xx_hal_dma2d.o
 .debug_ranges  0x00000960       0xe0 build/stm32f4xx_ll_fmc.o
 .debug_ranges  0x00000a40       0xd8 build/stm32f4xx_hal_sdram.o
 .debug_ranges  0x00000b18      0x2a8 build/stm32f4xx_hal_i2c.o
 .debug_ranges  0x00000dc0       0x18 build/stm32f4xx_hal_i2c_ex.o
 .debug_ranges  0x00000dd8      0x148 build/stm32f4xx_hal_ltdc.o
 .debug_ranges  0x00000f20      0x1c0 build/stm32f4xx_hal_spi.o
 .debug_ranges  0x000010e0      0x3c0 build/stm32f4xx_hal_tim.o
 .debug_ranges  0x000014a0      0x158 build/stm32f4xx_hal_tim_ex.o
 .debug_ranges  0x000015f8      0x208 build/stm32f4xx_hal_uart.o
 .debug_ranges  0x00001800       0x18 build/system_stm32f4xx.o
 .debug_ranges  0x00001818       0xb0 build/usbh_core.o
 .debug_ranges  0x000018c8       0x90 build/usbh_ctlreq.o
 .debug_ranges  0x00001958       0x50 build/usbh_ioreq.o
 .debug_ranges  0x000019a8       0x30 build/usbh_pipes.o
 .debug_ranges  0x000019d8       0x98 build/usbh_cdc.o
 .debug_ranges  0x00001a70       0x20 build/startup_stm32f429xx.o

.debug_line     0x00000000    0x2134f
 .debug_line    0x00000000      0xa5f build/main.o
 .debug_line    0x00000a5f      0x35d build/stm32f4xx_it.o
 .debug_line    0x00000dbc      0x999 build/stm32f4xx_hal_msp.o
 .debug_line    0x00001755      0x2e7 build/stm32f4xx_hal_timebase_tim.o
 .debug_line    0x00001a3c      0x23d build/usb_host.o
 .debug_line    0x00001c79      0x6f5 build/usbh_conf.o
 .debug_line    0x0000236e      0x19c build/usbh_platform.o
 .debug_line    0x0000250a     0x10b9 build/stm32f4xx_hal_hcd.o
 .debug_line    0x000035c3     0x1e30 build/stm32f4xx_ll_usb.o
 .debug_line    0x000053f3      0xb0e build/stm32f4xx_hal_rcc.o
 .debug_line    0x00005f01      0x827 build/stm32f4xx_hal_rcc_ex.o
 .debug_line    0x00006728      0x6f4 build/stm32f4xx_hal_gpio.o
 .debug_line    0x00006e1c      0x776 build/stm32f4xx_hal_cortex.o
 .debug_line    0x00007592      0x59b build/stm32f4xx_hal.o
 .debug_line    0x00007b2d      0x3cf build/stm32f4xx_hal_crc.o
 .debug_line    0x00007efc     0x11e5 build/stm32f4xx_hal_dma2d.o
 .debug_line    0x000090e1      0x874 build/stm32f4xx_ll_fmc.o
 .debug_line    0x00009955      0xbf9 build/stm32f4xx_hal_sdram.o
 .debug_line    0x0000a54e     0x5361 build/stm32f4xx_hal_i2c.o
 .debug_line    0x0000f8af      0x27b build/stm32f4xx_hal_i2c_ex.o
 .debug_line    0x0000fb2a     0x1968 build/stm32f4xx_hal_ltdc.o
 .debug_line    0x00011492     0x24e7 build/stm32f4xx_hal_spi.o
 .debug_line    0x00013979     0x4aa0 build/stm32f4xx_hal_tim.o
 .debug_line    0x00018419     0x1cc4 build/stm32f4xx_hal_tim_ex.o
 .debug_line    0x0001a0dd     0x45ec build/stm32f4xx_hal_uart.o
 .debug_line    0x0001e6c9      0x24e build/system_stm32f4xx.o
 .debug_line    0x0001e917      0xddf build/usbh_core.o
 .debug_line    0x0001f6f6      0xc97 build/usbh_ctlreq.o
 .debug_line    0x0002038d      0x2db build/usbh_ioreq.o
 .debug_line    0x00020668      0x270 build/usbh_pipes.o
 .debug_line    0x000208d8      0xa01 build/usbh_cdc.o
 .debug_line    0x000212d9       0x76 build/startup_stm32f429xx.o

.debug_str      0x00000000     0x89c3
 .debug_str     0x00000000     0x180c build/main.o
                               0x19b6 (size before relaxing)
 .debug_str     0x0000180c      0x491 build/stm32f4xx_it.o
                                0xffa (size before relaxing)
 .debug_str     0x00001c9d      0x84e build/stm32f4xx_hal_msp.o
                               0x1d00 (size before relaxing)
 .debug_str     0x000024eb       0xfe build/stm32f4xx_hal_timebase_tim.o
                                0xeb8 (size before relaxing)
 .debug_str     0x000025e9      0x83f build/usb_host.o
                                0xa9f (size before relaxing)
 .debug_str     0x00002e28      0x49a build/usbh_conf.o
                               0x19a1 (size before relaxing)
 .debug_str     0x000032c2       0x2e build/usbh_platform.o
                                0x23d (size before relaxing)
 .debug_str     0x000032f0      0x332 build/stm32f4xx_hal_hcd.o
                                0xb1d (size before relaxing)
 .debug_str     0x00003622      0x527 build/stm32f4xx_ll_usb.o
                                0xc7e (size before relaxing)
 .debug_str     0x00003b49      0x1d7 build/stm32f4xx_hal_rcc.o
                                0x6f8 (size before relaxing)
 .debug_str     0x00003d20      0x130 build/stm32f4xx_hal_rcc_ex.o
                                0x562 (size before relaxing)
 .debug_str     0x00003e50       0xfb build/stm32f4xx_hal_gpio.o
                                0x4d2 (size before relaxing)
 .debug_str     0x00003f4b      0x4ce build/stm32f4xx_hal_cortex.o
                                0xc6f (size before relaxing)
 .debug_str     0x00004419      0x2a4 build/stm32f4xx_hal.o
                                0xbeb (size before relaxing)
 .debug_str     0x000046bd       0x8f build/stm32f4xx_hal_crc.o
                                0x382 (size before relaxing)
 .debug_str     0x0000474c      0x35b build/stm32f4xx_hal_dma2d.o
                                0x909 (size before relaxing)
 .debug_str     0x00004aa7      0x5f6 build/stm32f4xx_ll_fmc.o
                                0x99a (size before relaxing)
 .debug_str     0x0000509d      0x2ae build/stm32f4xx_hal_sdram.o
                                0xa87 (size before relaxing)
 .debug_str     0x0000534b      0x889 build/stm32f4xx_hal_i2c.o
                               0x1014 (size before relaxing)
 .debug_str     0x00005bd4       0x38 build/stm32f4xx_hal_i2c_ex.o
                                0x736 (size before relaxing)
 .debug_str     0x00005c0c      0x471 build/stm32f4xx_hal_ltdc.o
                                0x9a7 (size before relaxing)
 .debug_str     0x0000607d      0x51e build/stm32f4xx_hal_spi.o
                                0xbd9 (size before relaxing)
 .debug_str     0x0000659b      0xdfb build/stm32f4xx_hal_tim.o
                               0x1698 (size before relaxing)
 .debug_str     0x00007396      0x521 build/stm32f4xx_hal_tim_ex.o
                                0xe99 (size before relaxing)
 .debug_str     0x000078b7      0x5dd build/stm32f4xx_hal_uart.o
                                0xd38 (size before relaxing)
 .debug_str     0x00007e94       0x47 build/system_stm32f4xx.o
                                0x367 (size before relaxing)
 .debug_str     0x00007edb      0x1d0 build/usbh_core.o
                                0xcc9 (size before relaxing)
 .debug_str     0x000080ab      0x1ff build/usbh_ctlreq.o
                                0xccd (size before relaxing)
 .debug_str     0x000082aa       0xbb build/usbh_ioreq.o
                                0xad2 (size before relaxing)
 .debug_str     0x00008365       0x64 build/usbh_pipes.o
                                0xa68 (size before relaxing)
 .debug_str     0x000083c9      0x5d6 build/usbh_cdc.o
                               0x1145 (size before relaxing)
 .debug_str     0x0000899f       0x24 build/startup_stm32f429xx.o
                                 0x49 (size before relaxing)

.comment        0x00000000       0x49
 .comment       0x00000000       0x49 build/main.o
                                 0x4a (size before relaxing)
 .comment       0x00000049       0x4a build/stm32f4xx_it.o
 .comment       0x00000049       0x4a build/stm32f4xx_hal_msp.o
 .comment       0x00000049       0x4a build/stm32f4xx_hal_timebase_tim.o
 .comment       0x00000049       0x4a build/usb_host.o
 .comment       0x00000049       0x4a build/usbh_conf.o
 .comment       0x00000049       0x4a build/usbh_platform.o
 .comment       0x00000049       0x4a build/stm32f4xx_hal_hcd.o
 .comment       0x00000049       0x4a build/stm32f4xx_ll_usb.o
 .comment       0x00000049       0x4a build/stm32f4xx_hal_rcc.o
 .comment       0x00000049       0x4a build/stm32f4xx_hal_rcc_ex.o
 .comment       0x00000049       0x4a build/stm32f4xx_hal_gpio.o
 .comment       0x00000049       0x4a build/stm32f4xx_hal_cortex.o
 .comment       0x00000049       0x4a build/stm32f4xx_hal.o
 .comment       0x00000049       0x4a build/stm32f4xx_hal_crc.o
 .comment       0x00000049       0x4a build/stm32f4xx_hal_dma2d.o
 .comment       0x00000049       0x4a build/stm32f4xx_ll_fmc.o
 .comment       0x00000049       0x4a build/stm32f4xx_hal_sdram.o
 .comment       0x00000049       0x4a build/stm32f4xx_hal_i2c.o
 .comment       0x00000049       0x4a build/stm32f4xx_hal_i2c_ex.o
 .comment       0x00000049       0x4a build/stm32f4xx_hal_ltdc.o
 .comment       0x00000049       0x4a build/stm32f4xx_hal_spi.o
 .comment       0x00000049       0x4a build/stm32f4xx_hal_tim.o
 .comment       0x00000049       0x4a build/stm32f4xx_hal_tim_ex.o
 .comment       0x00000049       0x4a build/stm32f4xx_hal_uart.o
 .comment       0x00000049       0x4a build/system_stm32f4xx.o
 .comment       0x00000049       0x4a build/usbh_core.o
 .comment       0x00000049       0x4a build/usbh_ctlreq.o
 .comment       0x00000049       0x4a build/usbh_ioreq.o
 .comment       0x00000049       0x4a build/usbh_pipes.o
 .comment       0x00000049       0x4a build/usbh_cdc.o

.debug_frame    0x00000000     0x5010
 .debug_frame   0x00000000      0x174 build/main.o
 .debug_frame   0x00000174      0x100 build/stm32f4xx_it.o
 .debug_frame   0x00000274      0x20c build/stm32f4xx_hal_msp.o
 .debug_frame   0x00000480       0x54 build/stm32f4xx_hal_timebase_tim.o
 .debug_frame   0x000004d4       0x50 build/usb_host.o
 .debug_frame   0x00000524      0x24c build/usbh_conf.o
 .debug_frame   0x00000770       0x28 build/usbh_platform.o
 .debug_frame   0x00000798      0x2a8 build/stm32f4xx_hal_hcd.o
 .debug_frame   0x00000a40      0x4ac build/stm32f4xx_ll_usb.o
 .debug_frame   0x00000eec      0x16c build/stm32f4xx_hal_rcc.o
 .debug_frame   0x00001058       0xd8 build/stm32f4xx_hal_rcc_ex.o
 .debug_frame   0x00001130       0xd8 build/stm32f4xx_hal_gpio.o
 .debug_frame   0x00001208      0x148 build/stm32f4xx_hal_cortex.o
 .debug_frame   0x00001350      0x20c build/stm32f4xx_hal.o
 .debug_frame   0x0000155c       0xb8 build/stm32f4xx_hal_crc.o
 .debug_frame   0x00001614      0x358 build/stm32f4xx_hal_dma2d.o
 .debug_frame   0x0000196c      0x234 build/stm32f4xx_ll_fmc.o
 .debug_frame   0x00001ba0      0x268 build/stm32f4xx_hal_sdram.o
 .debug_frame   0x00001e08      0x970 build/stm32f4xx_hal_i2c.o
 .debug_frame   0x00002778       0x30 build/stm32f4xx_hal_i2c_ex.o
 .debug_frame   0x000027a8      0x3a8 build/stm32f4xx_hal_ltdc.o
 .debug_frame   0x00002b50      0x5a4 build/stm32f4xx_hal_spi.o
 .debug_frame   0x000030f4      0xb0c build/stm32f4xx_hal_tim.o
 .debug_frame   0x00003c00      0x40c build/stm32f4xx_hal_tim_ex.o
 .debug_frame   0x0000400c      0x5cc build/stm32f4xx_hal_uart.o
 .debug_frame   0x000045d8       0x30 build/system_stm32f4xx.o
 .debug_frame   0x00004608      0x1e8 build/usbh_core.o
 .debug_frame   0x000047f0      0x1d4 build/usbh_ctlreq.o
 .debug_frame   0x000049c4      0x130 build/usbh_ioreq.o
 .debug_frame   0x00004af4       0x84 build/usbh_pipes.o
 .debug_frame   0x00004b78      0x1b0 build/usbh_cdc.o
 .debug_frame   0x00004d28       0x2c d:/vscodedev/tools/gcc-arm-none-eabi-10.3-2021.10/bin/../lib/gcc/arm-none-eabi/10.3.1/../../../../arm-none-eabi/lib/thumb/v7e-m+fp/hard\libc_nano.a(lib_a-init.o)
 .debug_frame   0x00004d54       0x30 d:/vscodedev/tools/gcc-arm-none-eabi-10.3-2021.10/bin/../lib/gcc/arm-none-eabi/10.3.1/../../../../arm-none-eabi/lib/thumb/v7e-m+fp/hard\libc_nano.a(lib_a-malloc.o)
 .debug_frame   0x00004d84       0x20 d:/vscodedev/tools/gcc-arm-none-eabi-10.3-2021.10/bin/../lib/gcc/arm-none-eabi/10.3.1/../../../../arm-none-eabi/lib/thumb/v7e-m+fp/hard\libc_nano.a(lib_a-memset.o)
 .debug_frame   0x00004da4       0x38 d:/vscodedev/tools/gcc-arm-none-eabi-10.3-2021.10/bin/../lib/gcc/arm-none-eabi/10.3.1/../../../../arm-none-eabi/lib/thumb/v7e-m+fp/hard\libc_nano.a(lib_a-nano-freer.o)
 .debug_frame   0x00004ddc       0x4c d:/vscodedev/tools/gcc-arm-none-eabi-10.3-2021.10/bin/../lib/gcc/arm-none-eabi/10.3.1/../../../../arm-none-eabi/lib/thumb/v7e-m+fp/hard\libc_nano.a(lib_a-nano-mallocr.o)
 .debug_frame   0x00004e28       0x2c d:/vscodedev/tools/gcc-arm-none-eabi-10.3-2021.10/bin/../lib/gcc/arm-none-eabi/10.3.1/../../../../arm-none-eabi/lib/thumb/v7e-m+fp/hard\libc_nano.a(lib_a-sbrkr.o)
 .debug_frame   0x00004e54       0x30 d:/vscodedev/tools/gcc-arm-none-eabi-10.3-2021.10/bin/../lib/gcc/arm-none-eabi/10.3.1/../../../../arm-none-eabi/lib/thumb/v7e-m+fp/hard\libc_nano.a(lib_a-mlock.o)
 .debug_frame   0x00004e84       0x5c d:/vscodedev/tools/gcc-arm-none-eabi-10.3-2021.10/bin/../lib/gcc/arm-none-eabi/10.3.1/../../../../arm-none-eabi/lib/thumb/v7e-m+fp/hard\libc_nano.a(lib_a-reent.o)
 .debug_frame   0x00004ee0       0xb0 d:/vscodedev/tools/gcc-arm-none-eabi-10.3-2021.10/bin/../lib/gcc/arm-none-eabi/10.3.1/../../../../arm-none-eabi/lib/thumb/v7e-m+fp/hard\libc_nano.a(lib_a-lock.o)
 .debug_frame   0x00004f90       0x20 d:/vscodedev/tools/gcc-arm-none-eabi-10.3-2021.10/bin/../lib/gcc/arm-none-eabi/10.3.1/../../../../arm-none-eabi/lib/thumb/v7e-m+fp/hard\libnosys.a(sbrk.o)
 .debug_frame   0x00004fb0       0x2c d:/vscodedev/tools/gcc-arm-none-eabi-10.3-2021.10/bin/../lib/gcc/arm-none-eabi/10.3.1/thumb/v7e-m+fp/hard\libgcc.a(_aeabi_uldivmod.o)
 .debug_frame   0x00004fdc       0x34 d:/vscodedev/tools/gcc-arm-none-eabi-10.3-2021.10/bin/../lib/gcc/arm-none-eabi/10.3.1/thumb/v7e-m+fp/hard\libgcc.a(_udivmoddi4.o)

Cross Reference Table

Symbol                                            File
ADC_IRQHandler                                    build/startup_stm32f429xx.o
AHBPrescTable                                     build/system_stm32f4xx.o
                                                  build/stm32f4xx_hal_rcc.o
APBPrescTable                                     build/system_stm32f4xx.o
                                                  build/stm32f4xx_hal_rcc.o
Appli_state                                       build/usb_host.o
BusFault_Handler                                  build/stm32f4xx_it.o
CAN1_RX0_IRQHandler                               build/startup_stm32f429xx.o
CAN1_RX1_IRQHandler                               build/startup_stm32f429xx.o
CAN1_SCE_IRQHandler                               build/startup_stm32f429xx.o
CAN1_TX_IRQHandler                                build/startup_stm32f429xx.o
CAN2_RX0_IRQHandler                               build/startup_stm32f429xx.o
CAN2_RX1_IRQHandler                               build/startup_stm32f429xx.o
CAN2_SCE_IRQHandler                               build/startup_stm32f429xx.o
CAN2_TX_IRQHandler                                build/startup_stm32f429xx.o
CDC_Class                                         build/usbh_cdc.o
                                                  build/usb_host.o
DCMI_IRQHandler                                   build/startup_stm32f429xx.o
DMA1_Stream0_IRQHandler                           build/startup_stm32f429xx.o
DMA1_Stream1_IRQHandler                           build/startup_stm32f429xx.o
DMA1_Stream2_IRQHandler                           build/startup_stm32f429xx.o
DMA1_Stream3_IRQHandler                           build/startup_stm32f429xx.o
DMA1_Stream4_IRQHandler                           build/startup_stm32f429xx.o
DMA1_Stream5_IRQHandler                           build/startup_stm32f429xx.o
DMA1_Stream6_IRQHandler                           build/startup_stm32f429xx.o
DMA1_Stream7_IRQHandler                           build/startup_stm32f429xx.o
DMA2D_IRQHandler                                  build/stm32f4xx_it.o
DMA2_Stream0_IRQHandler                           build/startup_stm32f429xx.o
DMA2_Stream1_IRQHandler                           build/startup_stm32f429xx.o
DMA2_Stream2_IRQHandler                           build/startup_stm32f429xx.o
DMA2_Stream3_IRQHandler                           build/startup_stm32f429xx.o
DMA2_Stream4_IRQHandler                           build/startup_stm32f429xx.o
DMA2_Stream5_IRQHandler                           build/startup_stm32f429xx.o
DMA2_Stream6_IRQHandler                           build/startup_stm32f429xx.o
DMA2_Stream7_IRQHandler                           build/startup_stm32f429xx.o
DebugMon_Handler                                  build/stm32f4xx_it.o
Default_Handler                                   build/startup_stm32f429xx.o
ETH_IRQHandler                                    build/startup_stm32f429xx.o
ETH_WKUP_IRQHandler                               build/startup_stm32f429xx.o
EXTI0_IRQHandler                                  build/startup_stm32f429xx.o
EXTI15_10_IRQHandler                              build/startup_stm32f429xx.o
EXTI1_IRQHandler                                  build/startup_stm32f429xx.o
EXTI2_IRQHandler                                  build/startup_stm32f429xx.o
EXTI3_IRQHandler                                  build/startup_stm32f429xx.o
EXTI4_IRQHandler                                  build/startup_stm32f429xx.o
EXTI9_5_IRQHandler                                build/startup_stm32f429xx.o
Error_Handler                                     build/main.o
                                                  build/usbh_conf.o
                                                  build/usb_host.o
                                                  build/stm32f4xx_hal_msp.o
FLASH_Erase_Sector                                build/stm32f4xx_hal_flash_ex.o
                                                  build/stm32f4xx_hal_flash.o
FLASH_FlushCaches                                 build/stm32f4xx_hal_flash_ex.o
                                                  build/stm32f4xx_hal_flash.o
FLASH_IRQHandler                                  build/startup_stm32f429xx.o
FLASH_WaitForLastOperation                        build/stm32f4xx_hal_flash.o
                                                  build/stm32f4xx_hal_flash_ex.o
FMC_IRQHandler                                    build/startup_stm32f429xx.o
FMC_NAND_AttributeSpace_Timing_Init               build/stm32f4xx_ll_fmc.o
FMC_NAND_CommonSpace_Timing_Init                  build/stm32f4xx_ll_fmc.o
FMC_NAND_DeInit                                   build/stm32f4xx_ll_fmc.o
FMC_NAND_ECC_Disable                              build/stm32f4xx_ll_fmc.o
FMC_NAND_ECC_Enable                               build/stm32f4xx_ll_fmc.o
FMC_NAND_GetECC                                   build/stm32f4xx_ll_fmc.o
FMC_NAND_Init                                     build/stm32f4xx_ll_fmc.o
FMC_NORSRAM_DeInit                                build/stm32f4xx_ll_fmc.o
FMC_NORSRAM_Extended_Timing_Init                  build/stm32f4xx_ll_fmc.o
FMC_NORSRAM_Init                                  build/stm32f4xx_ll_fmc.o
FMC_NORSRAM_Timing_Init                           build/stm32f4xx_ll_fmc.o
FMC_NORSRAM_WriteOperation_Disable                build/stm32f4xx_ll_fmc.o
FMC_NORSRAM_WriteOperation_Enable                 build/stm32f4xx_ll_fmc.o
FMC_PCCARD_AttributeSpace_Timing_Init             build/stm32f4xx_ll_fmc.o
FMC_PCCARD_CommonSpace_Timing_Init                build/stm32f4xx_ll_fmc.o
FMC_PCCARD_DeInit                                 build/stm32f4xx_ll_fmc.o
FMC_PCCARD_IOSpace_Timing_Init                    build/stm32f4xx_ll_fmc.o
FMC_PCCARD_Init                                   build/stm32f4xx_ll_fmc.o
FMC_SDRAM_DeInit                                  build/stm32f4xx_ll_fmc.o
                                                  build/stm32f4xx_hal_sdram.o
FMC_SDRAM_GetModeStatus                           build/stm32f4xx_ll_fmc.o
                                                  build/stm32f4xx_hal_sdram.o
FMC_SDRAM_Init                                    build/stm32f4xx_ll_fmc.o
                                                  build/stm32f4xx_hal_sdram.o
FMC_SDRAM_ProgramRefreshRate                      build/stm32f4xx_ll_fmc.o
                                                  build/stm32f4xx_hal_sdram.o
FMC_SDRAM_SendCommand                             build/stm32f4xx_ll_fmc.o
                                                  build/stm32f4xx_hal_sdram.o
FMC_SDRAM_SetAutoRefreshNumber                    build/stm32f4xx_ll_fmc.o
                                                  build/stm32f4xx_hal_sdram.o
FMC_SDRAM_Timing_Init                             build/stm32f4xx_ll_fmc.o
                                                  build/stm32f4xx_hal_sdram.o
FMC_SDRAM_WriteProtection_Disable                 build/stm32f4xx_ll_fmc.o
                                                  build/stm32f4xx_hal_sdram.o
FMC_SDRAM_WriteProtection_Enable                  build/stm32f4xx_ll_fmc.o
                                                  build/stm32f4xx_hal_sdram.o
FPU_IRQHandler                                    build/startup_stm32f429xx.o
HAL_CRC_Accumulate                                build/stm32f4xx_hal_crc.o
HAL_CRC_Calculate                                 build/stm32f4xx_hal_crc.o
HAL_CRC_DeInit                                    build/stm32f4xx_hal_crc.o
HAL_CRC_GetState                                  build/stm32f4xx_hal_crc.o
HAL_CRC_Init                                      build/stm32f4xx_hal_crc.o
                                                  build/main.o
HAL_CRC_MspDeInit                                 build/stm32f4xx_hal_msp.o
HAL_CRC_MspInit                                   build/stm32f4xx_hal_msp.o
HAL_DBGMCU_DisableDBGSleepMode                    build/stm32f4xx_hal.o
HAL_DBGMCU_DisableDBGStandbyMode                  build/stm32f4xx_hal.o
HAL_DBGMCU_DisableDBGStopMode                     build/stm32f4xx_hal.o
HAL_DBGMCU_EnableDBGSleepMode                     build/stm32f4xx_hal.o
HAL_DBGMCU_EnableDBGStandbyMode                   build/stm32f4xx_hal.o
HAL_DBGMCU_EnableDBGStopMode                      build/stm32f4xx_hal.o
HAL_DMA2D_Abort                                   build/stm32f4xx_hal_dma2d.o
HAL_DMA2D_BlendingStart                           build/stm32f4xx_hal_dma2d.o
HAL_DMA2D_BlendingStart_IT                        build/stm32f4xx_hal_dma2d.o
HAL_DMA2D_CLUTLoad                                build/stm32f4xx_hal_dma2d.o
HAL_DMA2D_CLUTLoad_IT                             build/stm32f4xx_hal_dma2d.o
HAL_DMA2D_CLUTLoadingCpltCallback                 build/stm32f4xx_hal_dma2d.o
HAL_DMA2D_CLUTLoading_Abort                       build/stm32f4xx_hal_dma2d.o
HAL_DMA2D_CLUTLoading_Resume                      build/stm32f4xx_hal_dma2d.o
HAL_DMA2D_CLUTLoading_Suspend                     build/stm32f4xx_hal_dma2d.o
HAL_DMA2D_CLUTStartLoad                           build/stm32f4xx_hal_dma2d.o
HAL_DMA2D_CLUTStartLoad_IT                        build/stm32f4xx_hal_dma2d.o
HAL_DMA2D_ConfigCLUT                              build/stm32f4xx_hal_dma2d.o
HAL_DMA2D_ConfigDeadTime                          build/stm32f4xx_hal_dma2d.o
HAL_DMA2D_ConfigLayer                             build/stm32f4xx_hal_dma2d.o
                                                  build/main.o
HAL_DMA2D_DeInit                                  build/stm32f4xx_hal_dma2d.o
HAL_DMA2D_DisableDeadTime                         build/stm32f4xx_hal_dma2d.o
HAL_DMA2D_EnableCLUT                              build/stm32f4xx_hal_dma2d.o
HAL_DMA2D_EnableDeadTime                          build/stm32f4xx_hal_dma2d.o
HAL_DMA2D_GetError                                build/stm32f4xx_hal_dma2d.o
HAL_DMA2D_GetState                                build/stm32f4xx_hal_dma2d.o
HAL_DMA2D_IRQHandler                              build/stm32f4xx_hal_dma2d.o
                                                  build/stm32f4xx_it.o
HAL_DMA2D_Init                                    build/stm32f4xx_hal_dma2d.o
                                                  build/main.o
HAL_DMA2D_LineEventCallback                       build/stm32f4xx_hal_dma2d.o
HAL_DMA2D_MspDeInit                               build/stm32f4xx_hal_msp.o
HAL_DMA2D_MspInit                                 build/stm32f4xx_hal_msp.o
HAL_DMA2D_PollForTransfer                         build/stm32f4xx_hal_dma2d.o
HAL_DMA2D_ProgramLineEvent                        build/stm32f4xx_hal_dma2d.o
HAL_DMA2D_Resume                                  build/stm32f4xx_hal_dma2d.o
HAL_DMA2D_Start                                   build/stm32f4xx_hal_dma2d.o
HAL_DMA2D_Start_IT                                build/stm32f4xx_hal_dma2d.o
HAL_DMA2D_Suspend                                 build/stm32f4xx_hal_dma2d.o
HAL_DMAEx_ChangeMemory                            build/stm32f4xx_hal_dma_ex.o
HAL_DMAEx_MultiBufferStart                        build/stm32f4xx_hal_dma_ex.o
HAL_DMAEx_MultiBufferStart_IT                     build/stm32f4xx_hal_dma_ex.o
HAL_DMA_Abort                                     build/stm32f4xx_hal_dma.o
                                                  build/stm32f4xx_hal_uart.o
                                                  build/stm32f4xx_hal_spi.o
HAL_DMA_Abort_IT                                  build/stm32f4xx_hal_dma.o
                                                  build/stm32f4xx_hal_uart.o
                                                  build/stm32f4xx_hal_tim_ex.o
                                                  build/stm32f4xx_hal_tim.o
                                                  build/stm32f4xx_hal_spi.o
                                                  build/stm32f4xx_hal_i2c.o
HAL_DMA_DeInit                                    build/stm32f4xx_hal_dma.o
HAL_DMA_GetError                                  build/stm32f4xx_hal_dma.o
                                                  build/stm32f4xx_hal_uart.o
                                                  build/stm32f4xx_hal_i2c.o
HAL_DMA_GetState                                  build/stm32f4xx_hal_dma.o
                                                  build/stm32f4xx_hal_i2c.o
HAL_DMA_IRQHandler                                build/stm32f4xx_hal_dma.o
HAL_DMA_Init                                      build/stm32f4xx_hal_dma.o
HAL_DMA_PollForTransfer                           build/stm32f4xx_hal_dma.o
HAL_DMA_RegisterCallback                          build/stm32f4xx_hal_dma.o
HAL_DMA_Start                                     build/stm32f4xx_hal_dma.o
HAL_DMA_Start_IT                                  build/stm32f4xx_hal_dma.o
                                                  build/stm32f4xx_hal_uart.o